2026-05-02T13:52:49.324+05:30  INFO 26052 --- [user-service] [DiscoveryClient-CacheRefreshExecutor-%d] com.netflix.discovery.DiscoveryClient    : Disable delta property : false
2026-05-02T13:52:49.324+05:30  INFO 26052 --- [user-service] [DiscoveryClient-CacheRefreshExecutor-%d] com.netflix.discovery.DiscoveryClient    : Single vip registry refresh property : null
2026-05-02T13:52:49.324+05:30  INFO 26052 --- [user-service] [DiscoveryClient-CacheRefreshExecutor-%d] com.netflix.discovery.DiscoveryClient    : Force full registry fetch : false
2026-05-02T13:52:49.324+05:30  INFO 26052 --- [user-service] [DiscoveryClient-CacheRefreshExecutor-%d] com.netflix.discovery.DiscoveryClient    : Application is null : false
2026-05-02T13:52:49.324+05:30  INFO 26052 --- [user-service] [DiscoveryClient-CacheRefreshExecutor-%d] com.netflix.discovery.DiscoveryClient    : Registered Applications size is zero : true
2026-05-02T13:52:49.324+05:30  INFO 26052 --- [user-service] [DiscoveryClient-CacheRefreshExecutor-%d] com.netflix.discovery.DiscoveryClient    : Application version is -1: false
2026-05-02T13:52:49.327+05:30  INFO 26052 --- [user-service] [DiscoveryClient-CacheRefreshExecutor-%d] com.netflix.discovery.DiscoveryClient    : Getting all instance registry info from the eureka server
2026-05-02T13:52:49.386+05:30  INFO 26052 --- [user-service] [DiscoveryClient-CacheRefreshExecutor-%d] com.netflix.discovery.DiscoveryClient    : The response status is 200
2026-05-02T13:53:07.054+05:30  INFO 26052 --- [user-service] [http-nio-8103-exec-2] o.a.c.c.C.[Tomcat].[localhost].[/]       : Initializing Spring DispatcherServlet 'dispatcherServlet'
2026-05-02T13:53:07.054+05:30  INFO 26052 --- [user-service] [http-nio-8103-exec-2] o.s.web.servlet.DispatcherServlet        : Initializing Servlet 'dispatcherServlet'
2026-05-02T13:53:07.062+05:30  INFO 26052 --- [user-service] [http-nio-8103-exec-2] o.s.web.servlet.DispatcherServlet        : Completed initialization in 8 ms
2026-05-02T13:53:07.251+05:30  INFO 26052 --- [user-service] [http-nio-8103-exec-2] c.n.e.user.controller.UserController     : inside UserController class,getAllUsers method
2026-05-02T13:53:07.251+05:30  INFO 26052 --- [user-service] [http-nio-8103-exec-2] c.n.e.user.controller.UserController     : Request: Fetch all users
2026-05-02T13:53:07.251+05:30  INFO 26052 --- [user-service] [http-nio-8103-exec-2] c.n.e.user.service.impl.UserServiceImpl  : inside UserServiceImpl class,fetchAllUsers method
2026-05-02T13:53:07.611+05:30  WARN 26052 --- [user-service] [http-nio-8103-exec-2] c.n.e.user.service.impl.UserServiceImpl  : No users found in database
2026-05-02T13:53:07.611+05:30  WARN 26052 --- [user-service] [http-nio-8103-exec-2] c.n.e.user.controller.UserController     : No users found
2026-05-02T13:53:30.391+05:30  INFO 26052 --- [user-service] [http-nio-8103-exec-4] c.n.e.user.controller.UserController     : inside UserController class, createUser method
2026-05-02T13:53:30.391+05:30  INFO 26052 --- [user-service] [http-nio-8103-exec-4] c.n.e.user.controller.UserController     : Request: Create user email=niranjana.charty2013@example.com
2026-05-02T13:53:30.391+05:30  INFO 26052 --- [user-service] [http-nio-8103-exec-4] c.n.e.user.service.impl.UserServiceImpl  : Creating new user: email=niranjana.charty2013@example.com
2026-05-02T13:53:30.488+05:30  INFO 26052 --- [user-service] [http-nio-8103-exec-4] c.n.e.user.service.impl.UserServiceImpl  : User created successfully with id=6
2026-05-02T13:53:30.488+05:30  INFO 26052 --- [user-service] [http-nio-8103-exec-4] c.n.e.user.controller.UserController     : User created successfully
2026-05-02T13:53:44.770+05:30  INFO 26052 --- [user-service] [http-nio-8103-exec-5] c.n.e.user.controller.UserController     : Inside UserController - getUser method, id=1
2026-05-02T13:53:44.770+05:30  INFO 26052 --- [user-service] [http-nio-8103-exec-5] c.n.e.user.controller.UserController     : Request: Fetch user by id=1
2026-05-02T13:53:44.770+05:30  INFO 26052 --- [user-service] [http-nio-8103-exec-5] c.n.e.user.service.impl.UserServiceImpl  : Inside UserServiceImpl - fetchUser method, id=1
2026-05-02T13:53:44.770+05:30  INFO 26052 --- [user-service] [http-nio-8103-exec-5] c.n.e.user.service.impl.UserServiceImpl  : Fetching user by id=1
2026-05-02T13:53:44.803+05:30  WARN 26052 --- [user-service] [http-nio-8103-exec-5] c.n.e.user.service.impl.UserServiceImpl  : User not found with id=1
2026-05-02T13:53:44.811+05:30 ERROR 26052 --- [user-service] [http-nio-8103-exec-5] c.n.e.u.e.GlobalExceptionHandler         : UserNotFoundException: User not found with id: 1
2026-05-02T13:53:51.875+05:30  INFO 26052 --- [user-service] [http-nio-8103-exec-1] c.n.e.user.controller.UserController     : inside UserController class,getAllUsers method
2026-05-02T13:53:51.881+05:30  INFO 26052 --- [user-service] [http-nio-8103-exec-1] c.n.e.user.controller.UserController     : Request: Fetch all users
2026-05-02T13:53:51.881+05:30  INFO 26052 --- [user-service] [http-nio-8103-exec-1] c.n.e.user.service.impl.UserServiceImpl  : inside UserServiceImpl class,fetchAllUsers method
2026-05-02T13:53:51.892+05:30  INFO 26052 --- [user-service] [http-nio-8103-exec-1] c.n.e.user.service.impl.UserServiceImpl  : Fetched 1 users
2026-05-02T13:53:51.892+05:30  INFO 26052 --- [user-service] [http-nio-8103-exec-1] c.n.e.user.controller.UserController     : Fetched 1 users
2026-05-02T13:54:10.119+05:30  INFO 26052 --- [user-service] [http-nio-8103-exec-6] c.n.e.user.controller.UserController     : Inside UserController - getUser method, id=6
2026-05-02T13:54:10.119+05:30  INFO 26052 --- [user-service] [http-nio-8103-exec-6] c.n.e.user.controller.UserController     : Request: Fetch user by id=6
2026-05-02T13:54:10.119+05:30  INFO 26052 --- [user-service] [http-nio-8103-exec-6] c.n.e.user.service.impl.UserServiceImpl  : Inside UserServiceImpl - fetchUser method, id=6
2026-05-02T13:54:10.119+05:30  INFO 26052 --- [user-service] [http-nio-8103-exec-6] c.n.e.user.service.impl.UserServiceImpl  : Fetching user by id=6
2026-05-02T13:54:10.138+05:30  INFO 26052 --- [user-service] [http-nio-8103-exec-6] c.n.e.user.controller.UserController     : Response: {"id":6,"firstName":"Niranjana","lastName":"Charty","email":"niranjana.charty2013@example.com","phone":"9583172160","role":"CUSTOMER","address":{"street":"Khajaguda","city":"Hyderabad","state":"Telengana","country":"India","zipcode":"50032"}}
2026-05-02T13:57:18.852+05:30  INFO 26052 --- [user-service] [AsyncResolver-bootstrap-executor-%d] c.n.d.s.r.aws.ConfigClusterResolver      : Resolving eureka endpoints via configuration
2026-05-02T14:02:18.856+05:30  INFO 26052 --- [user-service] [AsyncResolver-bootstrap-executor-%d] c.n.d.s.r.aws.ConfigClusterResolver      : Resolving eureka endpoints via configuration
2026-05-02T14:07:18.872+05:30  INFO 26052 --- [user-service] [AsyncResolver-bootstrap-executor-%d] c.n.d.s.r.aws.ConfigClusterResolver      : Resolving eureka endpoints via configuration
2026-05-02T14:12:18.876+05:30  INFO 26052 --- [user-service] [AsyncResolver-bootstrap-executor-%d] c.n.d.s.r.aws.ConfigClusterResolver      : Resolving eureka endpoints via configuration
2026-05-02T14:17:18.894+05:30  INFO 26052 --- [user-service] [AsyncResolver-bootstrap-executor-%d] c.n.d.s.r.aws.ConfigClusterResolver      : Resolving eureka endpoints via configuration
2026-05-02T14:22:18.900+05:30  INFO 26052 --- [user-service] [AsyncResolver-bootstrap-executor-%d] c.n.d.s.r.aws.ConfigClusterResolver      : Resolving eureka endpoints via configuration
2026-05-02T14:27:18.913+05:30  INFO 26052 --- [user-service] [AsyncResolver-bootstrap-executor-%d] c.n.d.s.r.aws.ConfigClusterResolver      : Resolving eureka endpoints via configuration
2026-05-02T14:32:18.918+05:30  INFO 26052 --- [user-service] [AsyncResolver-bootstrap-executor-%d] c.n.d.s.r.aws.ConfigClusterResolver      : Resolving eureka endpoints via configuration
2026-05-02T14:37:18.920+05:30  INFO 26052 --- [user-service] [AsyncResolver-bootstrap-executor-%d] c.n.d.s.r.aws.ConfigClusterResolver      : Resolving eureka endpoints via configuration
2026-05-02T14:38:36.502+05:30  INFO 26052 --- [user-service] [http-nio-8103-exec-8] c.n.e.user.controller.UserController     : Inside UserController - getUser method, id=5
2026-05-02T14:38:36.502+05:30  INFO 26052 --- [user-service] [http-nio-8103-exec-8] c.n.e.user.controller.UserController     : Request: Fetch user by id=5
2026-05-02T14:38:36.502+05:30  INFO 26052 --- [user-service] [http-nio-8103-exec-8] c.n.e.user.service.impl.UserServiceImpl  : Inside UserServiceImpl - fetchUser method, id=5
2026-05-02T14:38:36.502+05:30  INFO 26052 --- [user-service] [http-nio-8103-exec-8] c.n.e.user.service.impl.UserServiceImpl  : Fetching user by id=5
2026-05-02T14:38:36.519+05:30  WARN 26052 --- [user-service] [http-nio-8103-exec-8] c.n.e.user.service.impl.UserServiceImpl  : User not found with id=5
2026-05-02T14:38:36.523+05:30 ERROR 26052 --- [user-service] [http-nio-8103-exec-8] c.n.e.u.e.GlobalExceptionHandler         : UserNotFoundException: User not found with id: 5
2026-05-02T14:42:18.924+05:30  INFO 26052 --- [user-service] [AsyncResolver-bootstrap-executor-%d] c.n.d.s.r.aws.ConfigClusterResolver      : Resolving eureka endpoints via configuration
2026-05-02T14:42:48.462+05:30  INFO 26052 --- [user-service] [http-nio-8103-exec-10] c.n.e.user.controller.UserController     : Inside UserController - getUser method, id=6
2026-05-02T14:42:48.462+05:30  INFO 26052 --- [user-service] [http-nio-8103-exec-10] c.n.e.user.controller.UserController     : Request: Fetch user by id=6
2026-05-02T14:42:48.462+05:30  INFO 26052 --- [user-service] [http-nio-8103-exec-10] c.n.e.user.service.impl.UserServiceImpl  : Inside UserServiceImpl - fetchUser method, id=6
2026-05-02T14:42:48.462+05:30  INFO 26052 --- [user-service] [http-nio-8103-exec-10] c.n.e.user.service.impl.UserServiceImpl  : Fetching user by id=6
2026-05-02T14:42:48.469+05:30  INFO 26052 --- [user-service] [http-nio-8103-exec-10] c.n.e.user.controller.UserController     : Response: {"id":6,"firstName":"Niranjana","lastName":"Charty","email":"niranjana.charty2013@example.com","phone":"9583172160","role":"CUSTOMER","address":{"street":"Khajaguda","city":"Hyderabad","state":"Telengana","country":"India","zipcode":"50032"}}
2026-05-02T14:44:35.231+05:30  INFO 26052 --- [user-service] [http-nio-8103-exec-2] c.n.e.user.controller.UserController     : Inside UserController - getUser method, id=6
2026-05-02T14:44:35.231+05:30  INFO 26052 --- [user-service] [http-nio-8103-exec-2] c.n.e.user.controller.UserController     : Request: Fetch user by id=6
2026-05-02T14:44:35.231+05:30  INFO 26052 --- [user-service] [http-nio-8103-exec-2] c.n.e.user.service.impl.UserServiceImpl  : Inside UserServiceImpl - fetchUser method, id=6
2026-05-02T14:44:35.231+05:30  INFO 26052 --- [user-service] [http-nio-8103-exec-2] c.n.e.user.service.impl.UserServiceImpl  : Fetching user by id=6
2026-05-02T14:44:35.239+05:30  INFO 26052 --- [user-service] [http-nio-8103-exec-2] c.n.e.user.controller.UserController     : Response: {"id":6,"firstName":"Niranjana","lastName":"Charty","email":"niranjana.charty2013@example.com","phone":"9583172160","role":"CUSTOMER","address":{"street":"Khajaguda","city":"Hyderabad","state":"Telengana","country":"India","zipcode":"50032"}}
2026-05-02T14:47:18.941+05:30  INFO 26052 --- [user-service] [AsyncResolver-bootstrap-executor-%d] c.n.d.s.r.aws.ConfigClusterResolver      : Resolving eureka endpoints via configuration
2026-05-02T14:48:02.628+05:30  INFO 26052 --- [user-service] [http-nio-8103-exec-5] c.n.e.user.controller.UserController     : Inside UserController - getUser method, id=1
2026-05-02T14:48:02.628+05:30  INFO 26052 --- [user-service] [http-nio-8103-exec-5] c.n.e.user.controller.UserController     : Request: Fetch user by id=1
2026-05-02T14:48:02.628+05:30  INFO 26052 --- [user-service] [http-nio-8103-exec-5] c.n.e.user.service.impl.UserServiceImpl  : Inside UserServiceImpl - fetchUser method, id=1
2026-05-02T14:48:02.631+05:30  INFO 26052 --- [user-service] [http-nio-8103-exec-5] c.n.e.user.service.impl.UserServiceImpl  : Fetching user by id=1
2026-05-02T14:48:02.632+05:30  WARN 26052 --- [user-service] [http-nio-8103-exec-5] c.n.e.user.service.impl.UserServiceImpl  : User not found with id=1
2026-05-02T14:48:02.638+05:30 ERROR 26052 --- [user-service] [http-nio-8103-exec-5] c.n.e.u.e.GlobalExceptionHandler         : UserNotFoundException: User not found with id: 1
2026-05-02T14:51:02.612+05:30  INFO 26052 --- [user-service] [http-nio-8103-exec-6] c.n.e.user.controller.UserController     : Inside UserController - getUser method, id=6
2026-05-02T14:51:02.612+05:30  INFO 26052 --- [user-service] [http-nio-8103-exec-6] c.n.e.user.controller.UserController     : Request: Fetch user by id=6
2026-05-02T14:51:02.612+05:30  INFO 26052 --- [user-service] [http-nio-8103-exec-6] c.n.e.user.service.impl.UserServiceImpl  : Inside UserServiceImpl - fetchUser method, id=6
2026-05-02T14:51:02.612+05:30  INFO 26052 --- [user-service] [http-nio-8103-exec-6] c.n.e.user.service.impl.UserServiceImpl  : Fetching user by id=6
2026-05-02T14:51:02.621+05:30  INFO 26052 --- [user-service] [http-nio-8103-exec-6] c.n.e.user.controller.UserController     : Response: {"id":6,"firstName":"Niranjana","lastName":"Charty","email":"niranjana.charty2013@example.com","phone":"9583172160","role":"CUSTOMER","address":{"street":"Khajaguda","city":"Hyderabad","state":"Telengana","country":"India","zipcode":"50032"}}
2026-05-02T14:52:18.955+05:30  INFO 26052 --- [user-service] [AsyncResolver-bootstrap-executor-%d] c.n.d.s.r.aws.ConfigClusterResolver      : Resolving eureka endpoints via configuration
2026-05-02T14:57:18.969+05:30  INFO 26052 --- [user-service] [AsyncResolver-bootstrap-executor-%d] c.n.d.s.r.aws.ConfigClusterResolver      : Resolving eureka endpoints via configuration
2026-05-02T15:02:18.970+05:30  INFO 26052 --- [user-service] [AsyncResolver-bootstrap-executor-%d] c.n.d.s.r.aws.ConfigClusterResolver      : Resolving eureka endpoints via configuration
2026-05-02T15:04:05.010+05:30  INFO 26052 --- [user-service] [http-nio-8103-exec-8] c.n.e.user.controller.UserController     : Inside UserController - getUser method, id=6
2026-05-02T15:04:05.010+05:30  INFO 26052 --- [user-service] [http-nio-8103-exec-8] c.n.e.user.controller.UserController     : Request: Fetch user by id=6
2026-05-02T15:04:05.010+05:30  INFO 26052 --- [user-service] [http-nio-8103-exec-8] c.n.e.user.service.impl.UserServiceImpl  : Inside UserServiceImpl - fetchUser method, id=6
2026-05-02T15:04:05.010+05:30  INFO 26052 --- [user-service] [http-nio-8103-exec-8] c.n.e.user.service.impl.UserServiceImpl  : Fetching user by id=6
2026-05-02T15:04:05.019+05:30  INFO 26052 --- [user-service] [http-nio-8103-exec-8] c.n.e.user.controller.UserController     : Response: {"id":6,"firstName":"Niranjana","lastName":"Charty","email":"niranjana.charty2013@example.com","phone":"9583172160","role":"CUSTOMER","address":{"street":"Khajaguda","city":"Hyderabad","state":"Telengana","country":"India","zipcode":"50032"}}
2026-05-02T15:07:18.979+05:30  INFO 26052 --- [user-service] [AsyncResolver-bootstrap-executor-%d] c.n.d.s.r.aws.ConfigClusterResolver      : Resolving eureka endpoints via configuration
2026-05-02T15:10:26.537+05:30  INFO 26052 --- [user-service] [http-nio-8103-exec-10] c.n.e.user.controller.UserController     : Inside UserController - getUser method, id=6
2026-05-02T15:10:26.537+05:30  INFO 26052 --- [user-service] [http-nio-8103-exec-10] c.n.e.user.controller.UserController     : Request: Fetch user by id=6
2026-05-02T15:10:26.537+05:30  INFO 26052 --- [user-service] [http-nio-8103-exec-10] c.n.e.user.service.impl.UserServiceImpl  : Inside UserServiceImpl - fetchUser method, id=6
2026-05-02T15:10:26.537+05:30  INFO 26052 --- [user-service] [http-nio-8103-exec-10] c.n.e.user.service.impl.UserServiceImpl  : Fetching user by id=6
2026-05-02T15:10:26.545+05:30  INFO 26052 --- [user-service] [http-nio-8103-exec-10] c.n.e.user.controller.UserController     : Response: {"id":6,"firstName":"Niranjana","lastName":"Charty","email":"niranjana.charty2013@example.com","phone":"9583172160","role":"CUSTOMER","address":{"street":"Khajaguda","city":"Hyderabad","state":"Telengana","country":"India","zipcode":"50032"}}
2026-05-02T15:12:18.981+05:30  INFO 26052 --- [user-service] [AsyncResolver-bootstrap-executor-%d] c.n.d.s.r.aws.ConfigClusterResolver      : Resolving eureka endpoints via configuration
2026-05-02T15:17:18.992+05:30  INFO 26052 --- [user-service] [AsyncResolver-bootstrap-executor-%d] c.n.d.s.r.aws.ConfigClusterResolver      : Resolving eureka endpoints via configuration
2026-05-02T15:22:18.995+05:30  INFO 26052 --- [user-service] [AsyncResolver-bootstrap-executor-%d] c.n.d.s.r.aws.ConfigClusterResolver      : Resolving eureka endpoints via configuration
2026-05-02T15:27:19.007+05:30  INFO 26052 --- [user-service] [AsyncResolver-bootstrap-executor-%d] c.n.d.s.r.aws.ConfigClusterResolver      : Resolving eureka endpoints via configuration
2026-05-02T15:32:19.016+05:30  INFO 26052 --- [user-service] [AsyncResolver-bootstrap-executor-%d] c.n.d.s.r.aws.ConfigClusterResolver      : Resolving eureka endpoints via configuration
