2026-05-02T14:37:36.547+05:30  INFO 22800 --- [cart-service] [main] c.n.e.cart.CartServiceApplication        : Starting CartServiceApplication using Java 21.0.10 with PID 22800 (C:\EmbarkX\ecommerce-microservices\cart-service\target\classes started by niran in C:\EmbarkX\ecommerce-microservices\cart-service)
2026-05-02T14:37:36.555+05:30 DEBUG 22800 --- [cart-service] [main] c.n.e.cart.CartServiceApplication        : Running with Spring Boot v3.5.14, Spring v6.2.18
2026-05-02T14:37:36.557+05:30  INFO 22800 --- [cart-service] [main] c.n.e.cart.CartServiceApplication        : No active profile set, falling back to 1 default profile: "default"
2026-05-02T14:37:37.848+05:30  INFO 22800 --- [cart-service] [main] .s.d.r.c.RepositoryConfigurationDelegate : Bootstrapping Spring Data JPA repositories in DEFAULT mode.
2026-05-02T14:37:37.973+05:30  INFO 22800 --- [cart-service] [main] .s.d.r.c.RepositoryConfigurationDelegate : Finished Spring Data repository scanning in 110 ms. Found 1 JPA repository interface.
2026-05-02T14:37:38.370+05:30  INFO 22800 --- [cart-service] [main] o.s.cloud.context.scope.GenericScope     : BeanFactory id=ca133956-c1ba-323f-a696-cd4ea5c4893d
2026-05-02T14:37:39.177+05:30  INFO 22800 --- [cart-service] [main] o.s.b.w.embedded.tomcat.TomcatWebServer  : Tomcat initialized with port 8105 (http)
2026-05-02T14:37:39.193+05:30  INFO 22800 --- [cart-service] [main] o.apache.catalina.core.StandardService   : Starting service [Tomcat]
2026-05-02T14:37:39.195+05:30  INFO 22800 --- [cart-service] [main] o.apache.catalina.core.StandardEngine    : Starting Servlet engine: [Apache Tomcat/10.1.54]
2026-05-02T14:37:39.272+05:30  INFO 22800 --- [cart-service] [main] o.a.c.c.C.[Tomcat].[localhost].[/]       : Initializing Spring embedded WebApplicationContext
2026-05-02T14:37:39.272+05:30  INFO 22800 --- [cart-service] [main] w.s.c.ServletWebServerApplicationContext : Root WebApplicationContext: initialization completed in 2633 ms
2026-05-02T14:37:39.783+05:30  INFO 22800 --- [cart-service] [main] o.hibernate.jpa.internal.util.LogHelper  : HHH000204: Processing PersistenceUnitInfo [name: default]
2026-05-02T14:37:39.846+05:30  INFO 22800 --- [cart-service] [main] org.hibernate.Version                    : HHH000412: Hibernate ORM core version 6.6.49.Final
2026-05-02T14:37:39.886+05:30  INFO 22800 --- [cart-service] [main] o.h.c.internal.RegionFactoryInitiator    : HHH000026: Second-level cache disabled
2026-05-02T14:37:40.139+05:30  INFO 22800 --- [cart-service] [main] o.s.o.j.p.SpringPersistenceUnitInfo      : No LoadTimeWeaver setup: ignoring JPA class transformer
2026-05-02T14:37:40.172+05:30  INFO 22800 --- [cart-service] [main] com.zaxxer.hikari.HikariDataSource       : HikariPool-1 - Starting...
2026-05-02T14:37:40.315+05:30  INFO 22800 --- [cart-service] [main] com.zaxxer.hikari.pool.HikariPool        : HikariPool-1 - Added connection org.postgresql.jdbc.PgConnection@4c0ab04f
2026-05-02T14:37:40.317+05:30  INFO 22800 --- [cart-service] [main] com.zaxxer.hikari.HikariDataSource       : HikariPool-1 - Start completed.
2026-05-02T14:37:40.347+05:30  WARN 22800 --- [cart-service] [main] org.hibernate.orm.deprecation            : HHH90000025: PostgreSQLDialect does not need to be specified explicitly using 'hibernate.dialect' (remove the property setting and it will be selected by default)
2026-05-02T14:37:40.365+05:30  INFO 22800 --- [cart-service] [main] org.hibernate.orm.connections.pooling    : HHH10001005: Database info:
	Database JDBC URL [Connecting through datasource 'HikariDataSource (HikariPool-1)']
	Database driver: undefined/unknown
	Database version: 18.1
	Autocommit mode: undefined/unknown
	Isolation level: undefined/unknown
	Minimum pool size: undefined/unknown
	Maximum pool size: undefined/unknown
2026-05-02T14:37:41.068+05:30  INFO 22800 --- [cart-service] [main] o.h.e.t.j.p.i.JtaPlatformInitiator       : HHH000489: No JTA platform available (set 'hibernate.transaction.jta.platform' to enable JTA platform integration)
2026-05-02T14:37:41.115+05:30  INFO 22800 --- [cart-service] [main] j.LocalContainerEntityManagerFactoryBean : Initialized JPA EntityManagerFactory for persistence unit 'default'
2026-05-02T14:37:41.607+05:30  WARN 22800 --- [cart-service] [main] JpaBaseConfiguration$JpaWebConfiguration : spring.jpa.open-in-view is enabled by default. Therefore, database queries may be performed during view rendering. Explicitly configure spring.jpa.open-in-view to disable this warning
2026-05-02T14:37:41.740+05:30  INFO 22800 --- [cart-service] [main] o.s.c.openfeign.FeignClientFactoryBean   : For 'product-service' URL not provided. Will try picking an instance via load-balancing.
2026-05-02T14:37:41.829+05:30  INFO 22800 --- [cart-service] [main] o.s.c.openfeign.FeignClientFactoryBean   : For 'user-service' URL not provided. Will try picking an instance via load-balancing.
2026-05-02T14:37:45.509+05:30  INFO 22800 --- [cart-service] [main] DiscoveryClientOptionalArgsConfiguration : Eureka HTTP Client uses RestTemplate.
2026-05-02T14:37:45.734+05:30  WARN 22800 --- [cart-service] [main] iguration$LoadBalancerCaffeineWarnLogger : Spring Cloud LoadBalancer is currently working with the default cache. While this cache implementation is useful for development and tests, it's recommended to use Caffeine cache in production.You can switch to using Caffeine cache, by adding it and org.springframework.cache.caffeine.CaffeineCacheManager to the classpath.
2026-05-02T14:37:45.841+05:30  INFO 22800 --- [cart-service] [main] o.s.b.a.e.web.EndpointLinksResolver      : Exposing 27 endpoints beneath base path '/actuator'
2026-05-02T14:37:46.300+05:30  INFO 22800 --- [cart-service] [main] o.s.c.n.eureka.InstanceInfoFactory       : Setting initial instance status as: STARTING
2026-05-02T14:37:46.449+05:30  INFO 22800 --- [cart-service] [main] com.netflix.discovery.DiscoveryClient    : Initializing Eureka in region us-east-1
2026-05-02T14:37:46.466+05:30  INFO 22800 --- [cart-service] [main] c.n.d.s.r.aws.ConfigClusterResolver      : Resolving eureka endpoints via configuration
2026-05-02T14:37:46.518+05:30  INFO 22800 --- [cart-service] [main] com.netflix.discovery.DiscoveryClient    : Disable delta property : false
2026-05-02T14:37:46.520+05:30  INFO 22800 --- [cart-service] [main] com.netflix.discovery.DiscoveryClient    : Single vip registry refresh property : null
2026-05-02T14:37:46.524+05:30  INFO 22800 --- [cart-service] [main] com.netflix.discovery.DiscoveryClient    : Force full registry fetch : false
2026-05-02T14:37:46.524+05:30  INFO 22800 --- [cart-service] [main] com.netflix.discovery.DiscoveryClient    : Application is null : false
2026-05-02T14:37:46.524+05:30  INFO 22800 --- [cart-service] [main] com.netflix.discovery.DiscoveryClient    : Registered Applications size is zero : true
2026-05-02T14:37:46.524+05:30  INFO 22800 --- [cart-service] [main] com.netflix.discovery.DiscoveryClient    : Application version is -1: true
2026-05-02T14:37:46.524+05:30  INFO 22800 --- [cart-service] [main] com.netflix.discovery.DiscoveryClient    : Getting all instance registry info from the eureka server
2026-05-02T14:37:47.657+05:30  INFO 22800 --- [cart-service] [main] com.netflix.discovery.DiscoveryClient    : The response status is 200
2026-05-02T14:37:47.679+05:30  INFO 22800 --- [cart-service] [main] com.netflix.discovery.DiscoveryClient    : Starting heartbeat executor: renew interval is: 30
2026-05-02T14:37:47.683+05:30  INFO 22800 --- [cart-service] [main] c.n.discovery.InstanceInfoReplicator     : InstanceInfoReplicator onDemand update allowed rate per min is 4
2026-05-02T14:37:47.692+05:30  INFO 22800 --- [cart-service] [main] com.netflix.discovery.DiscoveryClient    : Discovery Client initialized at timestamp 1777712867683 with initial instances count: 2
2026-05-02T14:37:47.741+05:30  INFO 22800 --- [cart-service] [main] o.s.c.n.e.s.EurekaServiceRegistry        : Registering application CART-SERVICE with eureka with status UP
2026-05-02T14:37:47.741+05:30  INFO 22800 --- [cart-service] [main] com.netflix.discovery.DiscoveryClient    : Saw local status change event StatusChangeEvent [timestamp=1777712867741, current=UP, previous=STARTING]
2026-05-02T14:37:47.750+05:30  INFO 22800 --- [cart-service] [DiscoveryClient-InstanceInfoReplicator-%d] com.netflix.discovery.DiscoveryClient    : DiscoveryClient_CART-SERVICE/NIRANJAN-LAP.mshome.net:cart-service:8105: registering service...
2026-05-02T14:37:47.807+05:30  INFO 22800 --- [cart-service] [main] o.s.b.w.embedded.tomcat.TomcatWebServer  : Tomcat started on port 8105 (http) with context path '/'
2026-05-02T14:37:47.807+05:30  INFO 22800 --- [cart-service] [main] .s.c.n.e.s.EurekaAutoServiceRegistration : Updating port to 8105
2026-05-02T14:37:47.898+05:30  INFO 22800 --- [cart-service] [DiscoveryClient-InstanceInfoReplicator-%d] com.netflix.discovery.DiscoveryClient    : DiscoveryClient_CART-SERVICE/NIRANJAN-LAP.mshome.net:cart-service:8105 - registration status: 204
2026-05-02T14:37:47.898+05:30  INFO 22800 --- [cart-service] [main] c.n.e.cart.CartServiceApplication        : Started CartServiceApplication in 11.985 seconds (process running for 12.513)
2026-05-02T14:38:05.369+05:30  INFO 22800 --- [cart-service] [http-nio-8105-exec-2] o.a.c.c.C.[Tomcat].[localhost].[/]       : Initializing Spring DispatcherServlet 'dispatcherServlet'
2026-05-02T14:38:05.369+05:30  INFO 22800 --- [cart-service] [http-nio-8105-exec-2] o.s.web.servlet.DispatcherServlet        : Initializing Servlet 'dispatcherServlet'
2026-05-02T14:38:05.373+05:30  INFO 22800 --- [cart-service] [http-nio-8105-exec-2] o.s.web.servlet.DispatcherServlet        : Completed initialization in 3 ms
2026-05-02T14:38:05.443+05:30  INFO 22800 --- [cart-service] [http-nio-8105-exec-2] c.n.e.cart.controller.CartController     : Inside CartController - getCart method, Get cart userId=6
2026-05-02T14:38:05.450+05:30  INFO 22800 --- [cart-service] [http-nio-8105-exec-2] c.n.e.cart.service.impl.CartServiceImpl  : Inside getCartById, Fetching cart for userId=6
2026-05-02T14:38:05.708+05:30  WARN 22800 --- [cart-service] [http-nio-8105-exec-2] c.n.e.cart.service.impl.CartServiceImpl  : Cart is empty for userId=6
2026-05-02T14:38:35.963+05:30  INFO 22800 --- [cart-service] [http-nio-8105-exec-3] c.n.e.cart.controller.CartController     : Inside CartController - addToCart method, userId=5, productId=9, qty=3
2026-05-02T14:38:35.990+05:30  INFO 22800 --- [cart-service] [http-nio-8105-exec-3] c.n.e.cart.service.impl.CartServiceImpl  : Inside CartServiceImpl - addToCart method, userId=5, productId=9, qty=3
2026-05-02T14:38:35.990+05:30  INFO 22800 --- [cart-service] [http-nio-8105-exec-3] c.n.e.cart.service.impl.CartServiceImpl  : Add to cart: userId=5, productId=9, qty=3
2026-05-02T14:38:36.444+05:30 DEBUG 22800 --- [cart-service] [http-nio-8105-exec-3] c.n.e.cart.service.impl.CartServiceImpl  : Product response: {"id":9,"name":"IPhone17 Pro Max","description":"Latest IPhone mobile model","price":68000.00,"stockQuantity":5,"category":"Electronics","imageUrl":"https://example.com/images/iPhone17 Pro Max.jpg","active":true}
2026-05-02T14:38:36.536+05:30  WARN 22800 --- [cart-service] [http-nio-8105-exec-3] c.n.e.cart.service.impl.CartServiceImpl  : User not found, id=5
2026-05-02T14:38:36.549+05:30 ERROR 22800 --- [cart-service] [http-nio-8105-exec-3] c.n.e.cart.service.impl.CartServiceImpl  : Circuit breaker fallback triggered

com.niranjana.ecommerce.cart.exception.CartException: User not found
	at com.niranjana.ecommerce.cart.service.impl.CartServiceImpl.addToCart(CartServiceImpl.java:67) ~[classes/:na]
	at java.base/jdk.internal.reflect.DirectMethodHandleAccessor.invoke(DirectMethodHandleAccessor.java:103) ~[na:na]
	at java.base/java.lang.reflect.Method.invoke(Method.java:580) ~[na:na]
	at org.springframework.aop.support.AopUtils.invokeJoinpointUsingReflection(AopUtils.java:360) ~[spring-aop-6.2.18.jar:6.2.18]
	at org.springframework.aop.framework.ReflectiveMethodInvocation.invokeJoinpoint(ReflectiveMethodInvocation.java:196) ~[spring-aop-6.2.18.jar:6.2.18]
	at org.springframework.aop.framework.ReflectiveMethodInvocation.proceed(ReflectiveMethodInvocation.java:163) ~[spring-aop-6.2.18.jar:6.2.18]
	at org.springframework.aop.aspectj.MethodInvocationProceedingJoinPoint.proceed(MethodInvocationProceedingJoinPoint.java:89) ~[spring-aop-6.2.18.jar:6.2.18]
	at io.github.resilience4j.circuitbreaker.CircuitBreaker.lambda$decorateCheckedSupplier$0(CircuitBreaker.java:71) ~[resilience4j-circuitbreaker-2.2.0.jar:2.2.0]
	at io.github.resilience4j.circuitbreaker.CircuitBreaker.executeCheckedSupplier(CircuitBreaker.java:739) ~[resilience4j-circuitbreaker-2.2.0.jar:2.2.0]
	at io.github.resilience4j.spring6.circuitbreaker.configure.CircuitBreakerAspect.defaultHandling(CircuitBreakerAspect.java:179) ~[resilience4j-spring6-2.2.0.jar:2.2.0]
	at io.github.resilience4j.spring6.circuitbreaker.configure.CircuitBreakerAspect.proceed(CircuitBreakerAspect.java:126) ~[resilience4j-spring6-2.2.0.jar:2.2.0]
	at io.github.resilience4j.spring6.circuitbreaker.configure.CircuitBreakerAspect.lambda$circuitBreakerAroundAdvice$0(CircuitBreakerAspect.java:108) ~[resilience4j-spring6-2.2.0.jar:2.2.0]
	at io.github.resilience4j.spring6.fallback.DefaultFallbackDecorator.lambda$decorate$0(DefaultFallbackDecorator.java:36) ~[resilience4j-spring6-2.2.0.jar:2.2.0]
	at io.github.resilience4j.spring6.fallback.FallbackExecutor.execute(FallbackExecutor.java:39) ~[resilience4j-spring6-2.2.0.jar:2.2.0]
	at io.github.resilience4j.spring6.circuitbreaker.configure.CircuitBreakerAspect.circuitBreakerAroundAdvice(CircuitBreakerAspect.java:109) ~[resilience4j-spring6-2.2.0.jar:2.2.0]
	at java.base/jdk.internal.reflect.DirectMethodHandleAccessor.invoke(DirectMethodHandleAccessor.java:103) ~[na:na]
	at java.base/java.lang.reflect.Method.invoke(Method.java:580) ~[na:na]
	at org.springframework.aop.aspectj.AbstractAspectJAdvice.invokeAdviceMethodWithGivenArgs(AbstractAspectJAdvice.java:649) ~[spring-aop-6.2.18.jar:6.2.18]
	at org.springframework.aop.aspectj.AbstractAspectJAdvice.invokeAdviceMethod(AbstractAspectJAdvice.java:631) ~[spring-aop-6.2.18.jar:6.2.18]
	at org.springframework.aop.aspectj.AspectJAroundAdvice.invoke(AspectJAroundAdvice.java:71) ~[spring-aop-6.2.18.jar:6.2.18]
	at org.springframework.aop.framework.ReflectiveMethodInvocation.proceed(ReflectiveMethodInvocation.java:173) ~[spring-aop-6.2.18.jar:6.2.18]
	at org.springframework.aop.interceptor.ExposeInvocationInterceptor.invoke(ExposeInvocationInterceptor.java:97) ~[spring-aop-6.2.18.jar:6.2.18]
	at org.springframework.aop.framework.ReflectiveMethodInvocation.proceed(ReflectiveMethodInvocation.java:184) ~[spring-aop-6.2.18.jar:6.2.18]
	at org.springframework.aop.framework.CglibAopProxy$DynamicAdvisedInterceptor.intercept(CglibAopProxy.java:728) ~[spring-aop-6.2.18.jar:6.2.18]
	at com.niranjana.ecommerce.cart.service.impl.CartServiceImpl$$SpringCGLIB$$0.addToCart(<generated>) ~[classes/:na]
	at com.niranjana.ecommerce.cart.controller.CartController.addToCart(CartController.java:33) ~[classes/:na]
	at java.base/jdk.internal.reflect.DirectMethodHandleAccessor.invoke(DirectMethodHandleAccessor.java:103) ~[na:na]
	at java.base/java.lang.reflect.Method.invoke(Method.java:580) ~[na:na]
	at org.springframework.web.method.support.InvocableHandlerMethod.doInvoke(InvocableHandlerMethod.java:258) ~[spring-web-6.2.18.jar:6.2.18]
	at org.springframework.web.method.support.InvocableHandlerMethod.invokeForRequest(InvocableHandlerMethod.java:191) ~[spring-web-6.2.18.jar:6.2.18]
	at org.springframework.web.servlet.mvc.method.annotation.ServletInvocableHandlerMethod.invokeAndHandle(ServletInvocableHandlerMethod.java:118) ~[spring-webmvc-6.2.18.jar:6.2.18]
	at org.springframework.web.servlet.mvc.method.annotation.RequestMappingHandlerAdapter.invokeHandlerMethod(RequestMappingHandlerAdapter.java:991) ~[spring-webmvc-6.2.18.jar:6.2.18]
	at org.springframework.web.servlet.mvc.method.annotation.RequestMappingHandlerAdapter.handleInternal(RequestMappingHandlerAdapter.java:896) ~[spring-webmvc-6.2.18.jar:6.2.18]
	at org.springframework.web.servlet.mvc.method.AbstractHandlerMethodAdapter.handle(AbstractHandlerMethodAdapter.java:87) ~[spring-webmvc-6.2.18.jar:6.2.18]
	at org.springframework.web.servlet.DispatcherServlet.doDispatch(DispatcherServlet.java:1089) ~[spring-webmvc-6.2.18.jar:6.2.18]
	at org.springframework.web.servlet.DispatcherServlet.doService(DispatcherServlet.java:979) ~[spring-webmvc-6.2.18.jar:6.2.18]
	at org.springframework.web.servlet.FrameworkServlet.processRequest(FrameworkServlet.java:1014) ~[spring-webmvc-6.2.18.jar:6.2.18]
	at org.springframework.web.servlet.FrameworkServlet.doPost(FrameworkServlet.java:914) ~[spring-webmvc-6.2.18.jar:6.2.18]
	at jakarta.servlet.http.HttpServlet.service(HttpServlet.java:590) ~[tomcat-embed-core-10.1.54.jar:6.0]
	at org.springframework.web.servlet.FrameworkServlet.service(FrameworkServlet.java:885) ~[spring-webmvc-6.2.18.jar:6.2.18]
	at jakarta.servlet.http.HttpServlet.service(HttpServlet.java:658) ~[tomcat-embed-core-10.1.54.jar:6.0]
	at org.apache.catalina.core.ApplicationFilterChain.internalDoFilter(ApplicationFilterChain.java:193) ~[tomcat-embed-core-10.1.54.jar:10.1.54]
	at org.apache.catalina.core.ApplicationFilterChain.doFilter(ApplicationFilterChain.java:138) ~[tomcat-embed-core-10.1.54.jar:10.1.54]
	at org.apache.tomcat.websocket.server.WsFilter.doFilter(WsFilter.java:51) ~[tomcat-embed-websocket-10.1.54.jar:10.1.54]
	at org.apache.catalina.core.ApplicationFilterChain.internalDoFilter(ApplicationFilterChain.java:162) ~[tomcat-embed-core-10.1.54.jar:10.1.54]
	at org.apache.catalina.core.ApplicationFilterChain.doFilter(ApplicationFilterChain.java:138) ~[tomcat-embed-core-10.1.54.jar:10.1.54]
	at org.springframework.web.filter.RequestContextFilter.doFilterInternal(RequestContextFilter.java:100) ~[spring-web-6.2.18.jar:6.2.18]
	at org.springframework.web.filter.OncePerRequestFilter.doFilter(OncePerRequestFilter.java:116) ~[spring-web-6.2.18.jar:6.2.18]
	at org.apache.catalina.core.ApplicationFilterChain.internalDoFilter(ApplicationFilterChain.java:162) ~[tomcat-embed-core-10.1.54.jar:10.1.54]
	at org.apache.catalina.core.ApplicationFilterChain.doFilter(ApplicationFilterChain.java:138) ~[tomcat-embed-core-10.1.54.jar:10.1.54]
	at org.springframework.web.filter.FormContentFilter.doFilterInternal(FormContentFilter.java:93) ~[spring-web-6.2.18.jar:6.2.18]
	at org.springframework.web.filter.OncePerRequestFilter.doFilter(OncePerRequestFilter.java:116) ~[spring-web-6.2.18.jar:6.2.18]
	at org.apache.catalina.core.ApplicationFilterChain.internalDoFilter(ApplicationFilterChain.java:162) ~[tomcat-embed-core-10.1.54.jar:10.1.54]
	at org.apache.catalina.core.ApplicationFilterChain.doFilter(ApplicationFilterChain.java:138) ~[tomcat-embed-core-10.1.54.jar:10.1.54]
	at org.springframework.web.filter.ServerHttpObservationFilter.doFilterInternal(ServerHttpObservationFilter.java:110) ~[spring-web-6.2.18.jar:6.2.18]
	at org.springframework.web.filter.OncePerRequestFilter.doFilter(OncePerRequestFilter.java:116) ~[spring-web-6.2.18.jar:6.2.18]
	at org.apache.catalina.core.ApplicationFilterChain.internalDoFilter(ApplicationFilterChain.java:162) ~[tomcat-embed-core-10.1.54.jar:10.1.54]
	at org.apache.catalina.core.ApplicationFilterChain.doFilter(ApplicationFilterChain.java:138) ~[tomcat-embed-core-10.1.54.jar:10.1.54]
	at org.springframework.web.filter.CharacterEncodingFilter.doFilterInternal(CharacterEncodingFilter.java:201) ~[spring-web-6.2.18.jar:6.2.18]
	at org.springframework.web.filter.OncePerRequestFilter.doFilter(OncePerRequestFilter.java:116) ~[spring-web-6.2.18.jar:6.2.18]
	at org.apache.catalina.core.ApplicationFilterChain.internalDoFilter(ApplicationFilterChain.java:162) ~[tomcat-embed-core-10.1.54.jar:10.1.54]
	at org.apache.catalina.core.ApplicationFilterChain.doFilter(ApplicationFilterChain.java:138) ~[tomcat-embed-core-10.1.54.jar:10.1.54]
	at org.apache.catalina.core.StandardWrapperValve.invoke(StandardWrapperValve.java:165) ~[tomcat-embed-core-10.1.54.jar:10.1.54]
	at org.apache.catalina.core.StandardContextValve.invoke(StandardContextValve.java:88) ~[tomcat-embed-core-10.1.54.jar:10.1.54]
	at org.apache.catalina.authenticator.AuthenticatorBase.invoke(AuthenticatorBase.java:492) ~[tomcat-embed-core-10.1.54.jar:10.1.54]
	at org.apache.catalina.core.StandardHostValve.invoke(StandardHostValve.java:113) ~[tomcat-embed-core-10.1.54.jar:10.1.54]
	at org.apache.catalina.valves.ErrorReportValve.invoke(ErrorReportValve.java:83) ~[tomcat-embed-core-10.1.54.jar:10.1.54]
	at org.apache.catalina.core.StandardEngineValve.invoke(StandardEngineValve.java:72) ~[tomcat-embed-core-10.1.54.jar:10.1.54]
	at org.apache.catalina.connector.CoyoteAdapter.service(CoyoteAdapter.java:342) ~[tomcat-embed-core-10.1.54.jar:10.1.54]
	at org.apache.coyote.http11.Http11Processor.service(Http11Processor.java:399) ~[tomcat-embed-core-10.1.54.jar:10.1.54]
	at org.apache.coyote.AbstractProcessorLight.process(AbstractProcessorLight.java:63) ~[tomcat-embed-core-10.1.54.jar:10.1.54]
	at org.apache.coyote.AbstractProtocol$ConnectionHandler.process(AbstractProtocol.java:903) ~[tomcat-embed-core-10.1.54.jar:10.1.54]
	at org.apache.tomcat.util.net.NioEndpoint$SocketProcessor.doRun(NioEndpoint.java:1797) ~[tomcat-embed-core-10.1.54.jar:10.1.54]
	at org.apache.tomcat.util.net.SocketProcessorBase.run(SocketProcessorBase.java:52) ~[tomcat-embed-core-10.1.54.jar:10.1.54]
	at org.apache.tomcat.util.threads.ThreadPoolExecutor.runWorker(ThreadPoolExecutor.java:973) ~[tomcat-embed-core-10.1.54.jar:10.1.54]
	at org.apache.tomcat.util.threads.ThreadPoolExecutor$Worker.run(ThreadPoolExecutor.java:491) ~[tomcat-embed-core-10.1.54.jar:10.1.54]
	at org.apache.tomcat.util.threads.TaskThread$WrappingRunnable.run(TaskThread.java:63) ~[tomcat-embed-core-10.1.54.jar:10.1.54]
	at java.base/java.lang.Thread.run(Thread.java:1583) ~[na:na]

2026-05-02T14:38:36.560+05:30  INFO 22800 --- [cart-service] [http-nio-8105-exec-3] c.n.e.cart.controller.CartController     : Response → {"success":false,"message":"Cart service temporarily unavailable"}
2026-05-02T14:39:29.730+05:30  INFO 22800 --- [cart-service] [http-nio-8105-exec-5] c.n.e.cart.controller.CartController     : Inside CartController - addToCart method, userId=6, productId=3, qty=3
2026-05-02T14:39:29.730+05:30  INFO 22800 --- [cart-service] [http-nio-8105-exec-5] c.n.e.cart.service.impl.CartServiceImpl  : Inside CartServiceImpl - addToCart method, userId=6, productId=3, qty=3
2026-05-02T14:39:29.731+05:30  INFO 22800 --- [cart-service] [http-nio-8105-exec-5] c.n.e.cart.service.impl.CartServiceImpl  : Add to cart: userId=6, productId=3, qty=3
2026-05-02T14:39:29.781+05:30 ERROR 22800 --- [cart-service] [http-nio-8105-exec-5] c.n.e.cart.service.impl.CartServiceImpl  : Product service error

feign.FeignException$InternalServerError: [500] during [GET] to [http://product-service/api/products/3] [ProductClient#getProductById(Long)]: [{"timestamp":"2026-05-02T09:09:29.774+00:00","status":500,"error":"Internal Server Error","path":"/api/products/3"}]
	at feign.FeignException.serverErrorStatus(FeignException.java:281) ~[feign-core-13.6.jar:na]
	at feign.FeignException.errorStatus(FeignException.java:226) ~[feign-core-13.6.jar:na]
	at feign.FeignException.errorStatus(FeignException.java:213) ~[feign-core-13.6.jar:na]
	at feign.codec.ErrorDecoder$Default.decode(ErrorDecoder.java:103) ~[feign-core-13.6.jar:na]
	at feign.InvocationContext.decodeError(InvocationContext.java:133) ~[feign-core-13.6.jar:na]
	at feign.InvocationContext.proceed(InvocationContext.java:80) ~[feign-core-13.6.jar:na]
	at feign.ResponseHandler.handleResponse(ResponseHandler.java:69) ~[feign-core-13.6.jar:na]
	at feign.SynchronousMethodHandler.executeAndDecode(SynchronousMethodHandler.java:109) ~[feign-core-13.6.jar:na]
	at feign.SynchronousMethodHandler.invoke(SynchronousMethodHandler.java:53) ~[feign-core-13.6.jar:na]
	at feign.ReflectiveFeign$FeignInvocationHandler.invoke(ReflectiveFeign.java:104) ~[feign-core-13.6.jar:na]
	at jdk.proxy2/jdk.proxy2.$Proxy169.getProductById(Unknown Source) ~[na:na]
	at com.niranjana.ecommerce.cart.service.impl.CartServiceImpl.addToCart(CartServiceImpl.java:43) ~[classes/:na]
	at java.base/jdk.internal.reflect.DirectMethodHandleAccessor.invoke(DirectMethodHandleAccessor.java:103) ~[na:na]
	at java.base/java.lang.reflect.Method.invoke(Method.java:580) ~[na:na]
	at org.springframework.aop.support.AopUtils.invokeJoinpointUsingReflection(AopUtils.java:360) ~[spring-aop-6.2.18.jar:6.2.18]
	at org.springframework.aop.framework.ReflectiveMethodInvocation.invokeJoinpoint(ReflectiveMethodInvocation.java:196) ~[spring-aop-6.2.18.jar:6.2.18]
	at org.springframework.aop.framework.ReflectiveMethodInvocation.proceed(ReflectiveMethodInvocation.java:163) ~[spring-aop-6.2.18.jar:6.2.18]
	at org.springframework.aop.aspectj.MethodInvocationProceedingJoinPoint.proceed(MethodInvocationProceedingJoinPoint.java:89) ~[spring-aop-6.2.18.jar:6.2.18]
	at io.github.resilience4j.circuitbreaker.CircuitBreaker.lambda$decorateCheckedSupplier$0(CircuitBreaker.java:71) ~[resilience4j-circuitbreaker-2.2.0.jar:2.2.0]
	at io.github.resilience4j.circuitbreaker.CircuitBreaker.executeCheckedSupplier(CircuitBreaker.java:739) ~[resilience4j-circuitbreaker-2.2.0.jar:2.2.0]
	at io.github.resilience4j.spring6.circuitbreaker.configure.CircuitBreakerAspect.defaultHandling(CircuitBreakerAspect.java:179) ~[resilience4j-spring6-2.2.0.jar:2.2.0]
	at io.github.resilience4j.spring6.circuitbreaker.configure.CircuitBreakerAspect.proceed(CircuitBreakerAspect.java:126) ~[resilience4j-spring6-2.2.0.jar:2.2.0]
	at io.github.resilience4j.spring6.circuitbreaker.configure.CircuitBreakerAspect.lambda$circuitBreakerAroundAdvice$0(CircuitBreakerAspect.java:108) ~[resilience4j-spring6-2.2.0.jar:2.2.0]
	at io.github.resilience4j.spring6.fallback.DefaultFallbackDecorator.lambda$decorate$0(DefaultFallbackDecorator.java:36) ~[resilience4j-spring6-2.2.0.jar:2.2.0]
	at io.github.resilience4j.spring6.fallback.FallbackExecutor.execute(FallbackExecutor.java:39) ~[resilience4j-spring6-2.2.0.jar:2.2.0]
	at io.github.resilience4j.spring6.circuitbreaker.configure.CircuitBreakerAspect.circuitBreakerAroundAdvice(CircuitBreakerAspect.java:109) ~[resilience4j-spring6-2.2.0.jar:2.2.0]
	at java.base/jdk.internal.reflect.DirectMethodHandleAccessor.invoke(DirectMethodHandleAccessor.java:103) ~[na:na]
	at java.base/java.lang.reflect.Method.invoke(Method.java:580) ~[na:na]
	at org.springframework.aop.aspectj.AbstractAspectJAdvice.invokeAdviceMethodWithGivenArgs(AbstractAspectJAdvice.java:649) ~[spring-aop-6.2.18.jar:6.2.18]
	at org.springframework.aop.aspectj.AbstractAspectJAdvice.invokeAdviceMethod(AbstractAspectJAdvice.java:631) ~[spring-aop-6.2.18.jar:6.2.18]
	at org.springframework.aop.aspectj.AspectJAroundAdvice.invoke(AspectJAroundAdvice.java:71) ~[spring-aop-6.2.18.jar:6.2.18]
	at org.springframework.aop.framework.ReflectiveMethodInvocation.proceed(ReflectiveMethodInvocation.java:173) ~[spring-aop-6.2.18.jar:6.2.18]
	at org.springframework.aop.interceptor.ExposeInvocationInterceptor.invoke(ExposeInvocationInterceptor.java:97) ~[spring-aop-6.2.18.jar:6.2.18]
	at org.springframework.aop.framework.ReflectiveMethodInvocation.proceed(ReflectiveMethodInvocation.java:184) ~[spring-aop-6.2.18.jar:6.2.18]
	at org.springframework.aop.framework.CglibAopProxy$DynamicAdvisedInterceptor.intercept(CglibAopProxy.java:728) ~[spring-aop-6.2.18.jar:6.2.18]
	at com.niranjana.ecommerce.cart.service.impl.CartServiceImpl$$SpringCGLIB$$0.addToCart(<generated>) ~[classes/:na]
	at com.niranjana.ecommerce.cart.controller.CartController.addToCart(CartController.java:33) ~[classes/:na]
	at java.base/jdk.internal.reflect.DirectMethodHandleAccessor.invoke(DirectMethodHandleAccessor.java:103) ~[na:na]
	at java.base/java.lang.reflect.Method.invoke(Method.java:580) ~[na:na]
	at org.springframework.web.method.support.InvocableHandlerMethod.doInvoke(InvocableHandlerMethod.java:258) ~[spring-web-6.2.18.jar:6.2.18]
	at org.springframework.web.method.support.InvocableHandlerMethod.invokeForRequest(InvocableHandlerMethod.java:191) ~[spring-web-6.2.18.jar:6.2.18]
	at org.springframework.web.servlet.mvc.method.annotation.ServletInvocableHandlerMethod.invokeAndHandle(ServletInvocableHandlerMethod.java:118) ~[spring-webmvc-6.2.18.jar:6.2.18]
	at org.springframework.web.servlet.mvc.method.annotation.RequestMappingHandlerAdapter.invokeHandlerMethod(RequestMappingHandlerAdapter.java:991) ~[spring-webmvc-6.2.18.jar:6.2.18]
	at org.springframework.web.servlet.mvc.method.annotation.RequestMappingHandlerAdapter.handleInternal(RequestMappingHandlerAdapter.java:896) ~[spring-webmvc-6.2.18.jar:6.2.18]
	at org.springframework.web.servlet.mvc.method.AbstractHandlerMethodAdapter.handle(AbstractHandlerMethodAdapter.java:87) ~[spring-webmvc-6.2.18.jar:6.2.18]
	at org.springframework.web.servlet.DispatcherServlet.doDispatch(DispatcherServlet.java:1089) ~[spring-webmvc-6.2.18.jar:6.2.18]
	at org.springframework.web.servlet.DispatcherServlet.doService(DispatcherServlet.java:979) ~[spring-webmvc-6.2.18.jar:6.2.18]
	at org.springframework.web.servlet.FrameworkServlet.processRequest(FrameworkServlet.java:1014) ~[spring-webmvc-6.2.18.jar:6.2.18]
	at org.springframework.web.servlet.FrameworkServlet.doPost(FrameworkServlet.java:914) ~[spring-webmvc-6.2.18.jar:6.2.18]
	at jakarta.servlet.http.HttpServlet.service(HttpServlet.java:590) ~[tomcat-embed-core-10.1.54.jar:6.0]
	at org.springframework.web.servlet.FrameworkServlet.service(FrameworkServlet.java:885) ~[spring-webmvc-6.2.18.jar:6.2.18]
	at jakarta.servlet.http.HttpServlet.service(HttpServlet.java:658) ~[tomcat-embed-core-10.1.54.jar:6.0]
	at org.apache.catalina.core.ApplicationFilterChain.internalDoFilter(ApplicationFilterChain.java:193) ~[tomcat-embed-core-10.1.54.jar:10.1.54]
	at org.apache.catalina.core.ApplicationFilterChain.doFilter(ApplicationFilterChain.java:138) ~[tomcat-embed-core-10.1.54.jar:10.1.54]
	at org.apache.tomcat.websocket.server.WsFilter.doFilter(WsFilter.java:51) ~[tomcat-embed-websocket-10.1.54.jar:10.1.54]
	at org.apache.catalina.core.ApplicationFilterChain.internalDoFilter(ApplicationFilterChain.java:162) ~[tomcat-embed-core-10.1.54.jar:10.1.54]
	at org.apache.catalina.core.ApplicationFilterChain.doFilter(ApplicationFilterChain.java:138) ~[tomcat-embed-core-10.1.54.jar:10.1.54]
	at org.springframework.web.filter.RequestContextFilter.doFilterInternal(RequestContextFilter.java:100) ~[spring-web-6.2.18.jar:6.2.18]
	at org.springframework.web.filter.OncePerRequestFilter.doFilter(OncePerRequestFilter.java:116) ~[spring-web-6.2.18.jar:6.2.18]
	at org.apache.catalina.core.ApplicationFilterChain.internalDoFilter(ApplicationFilterChain.java:162) ~[tomcat-embed-core-10.1.54.jar:10.1.54]
	at org.apache.catalina.core.ApplicationFilterChain.doFilter(ApplicationFilterChain.java:138) ~[tomcat-embed-core-10.1.54.jar:10.1.54]
	at org.springframework.web.filter.FormContentFilter.doFilterInternal(FormContentFilter.java:93) ~[spring-web-6.2.18.jar:6.2.18]
	at org.springframework.web.filter.OncePerRequestFilter.doFilter(OncePerRequestFilter.java:116) ~[spring-web-6.2.18.jar:6.2.18]
	at org.apache.catalina.core.ApplicationFilterChain.internalDoFilter(ApplicationFilterChain.java:162) ~[tomcat-embed-core-10.1.54.jar:10.1.54]
	at org.apache.catalina.core.ApplicationFilterChain.doFilter(ApplicationFilterChain.java:138) ~[tomcat-embed-core-10.1.54.jar:10.1.54]
	at org.springframework.web.filter.ServerHttpObservationFilter.doFilterInternal(ServerHttpObservationFilter.java:110) ~[spring-web-6.2.18.jar:6.2.18]
	at org.springframework.web.filter.OncePerRequestFilter.doFilter(OncePerRequestFilter.java:116) ~[spring-web-6.2.18.jar:6.2.18]
	at org.apache.catalina.core.ApplicationFilterChain.internalDoFilter(ApplicationFilterChain.java:162) ~[tomcat-embed-core-10.1.54.jar:10.1.54]
	at org.apache.catalina.core.ApplicationFilterChain.doFilter(ApplicationFilterChain.java:138) ~[tomcat-embed-core-10.1.54.jar:10.1.54]
	at org.springframework.web.filter.CharacterEncodingFilter.doFilterInternal(CharacterEncodingFilter.java:201) ~[spring-web-6.2.18.jar:6.2.18]
	at org.springframework.web.filter.OncePerRequestFilter.doFilter(OncePerRequestFilter.java:116) ~[spring-web-6.2.18.jar:6.2.18]
	at org.apache.catalina.core.ApplicationFilterChain.internalDoFilter(ApplicationFilterChain.java:162) ~[tomcat-embed-core-10.1.54.jar:10.1.54]
	at org.apache.catalina.core.ApplicationFilterChain.doFilter(ApplicationFilterChain.java:138) ~[tomcat-embed-core-10.1.54.jar:10.1.54]
	at org.apache.catalina.core.StandardWrapperValve.invoke(StandardWrapperValve.java:165) ~[tomcat-embed-core-10.1.54.jar:10.1.54]
	at org.apache.catalina.core.StandardContextValve.invoke(StandardContextValve.java:88) ~[tomcat-embed-core-10.1.54.jar:10.1.54]
	at org.apache.catalina.authenticator.AuthenticatorBase.invoke(AuthenticatorBase.java:492) ~[tomcat-embed-core-10.1.54.jar:10.1.54]
	at org.apache.catalina.core.StandardHostValve.invoke(StandardHostValve.java:113) ~[tomcat-embed-core-10.1.54.jar:10.1.54]
	at org.apache.catalina.valves.ErrorReportValve.invoke(ErrorReportValve.java:83) ~[tomcat-embed-core-10.1.54.jar:10.1.54]
	at org.apache.catalina.core.StandardEngineValve.invoke(StandardEngineValve.java:72) ~[tomcat-embed-core-10.1.54.jar:10.1.54]
	at org.apache.catalina.connector.CoyoteAdapter.service(CoyoteAdapter.java:342) ~[tomcat-embed-core-10.1.54.jar:10.1.54]
	at org.apache.coyote.http11.Http11Processor.service(Http11Processor.java:399) ~[tomcat-embed-core-10.1.54.jar:10.1.54]
	at org.apache.coyote.AbstractProcessorLight.process(AbstractProcessorLight.java:63) ~[tomcat-embed-core-10.1.54.jar:10.1.54]
	at org.apache.coyote.AbstractProtocol$ConnectionHandler.process(AbstractProtocol.java:903) ~[tomcat-embed-core-10.1.54.jar:10.1.54]
	at org.apache.tomcat.util.net.NioEndpoint$SocketProcessor.doRun(NioEndpoint.java:1797) ~[tomcat-embed-core-10.1.54.jar:10.1.54]
	at org.apache.tomcat.util.net.SocketProcessorBase.run(SocketProcessorBase.java:52) ~[tomcat-embed-core-10.1.54.jar:10.1.54]
	at org.apache.tomcat.util.threads.ThreadPoolExecutor.runWorker(ThreadPoolExecutor.java:973) ~[tomcat-embed-core-10.1.54.jar:10.1.54]
	at org.apache.tomcat.util.threads.ThreadPoolExecutor$Worker.run(ThreadPoolExecutor.java:491) ~[tomcat-embed-core-10.1.54.jar:10.1.54]
	at org.apache.tomcat.util.threads.TaskThread$WrappingRunnable.run(TaskThread.java:63) ~[tomcat-embed-core-10.1.54.jar:10.1.54]
	at java.base/java.lang.Thread.run(Thread.java:1583) ~[na:na]

2026-05-02T14:39:29.781+05:30 ERROR 22800 --- [cart-service] [http-nio-8105-exec-5] c.n.e.cart.service.impl.CartServiceImpl  : Circuit breaker fallback triggered

com.niranjana.ecommerce.cart.exception.CartException: Product service unavailable
	at com.niranjana.ecommerce.cart.service.impl.CartServiceImpl.addToCart(CartServiceImpl.java:50) ~[classes/:na]
	at java.base/jdk.internal.reflect.DirectMethodHandleAccessor.invoke(DirectMethodHandleAccessor.java:103) ~[na:na]
	at java.base/java.lang.reflect.Method.invoke(Method.java:580) ~[na:na]
	at org.springframework.aop.support.AopUtils.invokeJoinpointUsingReflection(AopUtils.java:360) ~[spring-aop-6.2.18.jar:6.2.18]
	at org.springframework.aop.framework.ReflectiveMethodInvocation.invokeJoinpoint(ReflectiveMethodInvocation.java:196) ~[spring-aop-6.2.18.jar:6.2.18]
	at org.springframework.aop.framework.ReflectiveMethodInvocation.proceed(ReflectiveMethodInvocation.java:163) ~[spring-aop-6.2.18.jar:6.2.18]
	at org.springframework.aop.aspectj.MethodInvocationProceedingJoinPoint.proceed(MethodInvocationProceedingJoinPoint.java:89) ~[spring-aop-6.2.18.jar:6.2.18]
	at io.github.resilience4j.circuitbreaker.CircuitBreaker.lambda$decorateCheckedSupplier$0(CircuitBreaker.java:71) ~[resilience4j-circuitbreaker-2.2.0.jar:2.2.0]
	at io.github.resilience4j.circuitbreaker.CircuitBreaker.executeCheckedSupplier(CircuitBreaker.java:739) ~[resilience4j-circuitbreaker-2.2.0.jar:2.2.0]
	at io.github.resilience4j.spring6.circuitbreaker.configure.CircuitBreakerAspect.defaultHandling(CircuitBreakerAspect.java:179) ~[resilience4j-spring6-2.2.0.jar:2.2.0]
	at io.github.resilience4j.spring6.circuitbreaker.configure.CircuitBreakerAspect.proceed(CircuitBreakerAspect.java:126) ~[resilience4j-spring6-2.2.0.jar:2.2.0]
	at io.github.resilience4j.spring6.circuitbreaker.configure.CircuitBreakerAspect.lambda$circuitBreakerAroundAdvice$0(CircuitBreakerAspect.java:108) ~[resilience4j-spring6-2.2.0.jar:2.2.0]
	at io.github.resilience4j.spring6.fallback.DefaultFallbackDecorator.lambda$decorate$0(DefaultFallbackDecorator.java:36) ~[resilience4j-spring6-2.2.0.jar:2.2.0]
	at io.github.resilience4j.spring6.fallback.FallbackExecutor.execute(FallbackExecutor.java:39) ~[resilience4j-spring6-2.2.0.jar:2.2.0]
	at io.github.resilience4j.spring6.circuitbreaker.configure.CircuitBreakerAspect.circuitBreakerAroundAdvice(CircuitBreakerAspect.java:109) ~[resilience4j-spring6-2.2.0.jar:2.2.0]
	at java.base/jdk.internal.reflect.DirectMethodHandleAccessor.invoke(DirectMethodHandleAccessor.java:103) ~[na:na]
	at java.base/java.lang.reflect.Method.invoke(Method.java:580) ~[na:na]
	at org.springframework.aop.aspectj.AbstractAspectJAdvice.invokeAdviceMethodWithGivenArgs(AbstractAspectJAdvice.java:649) ~[spring-aop-6.2.18.jar:6.2.18]
	at org.springframework.aop.aspectj.AbstractAspectJAdvice.invokeAdviceMethod(AbstractAspectJAdvice.java:631) ~[spring-aop-6.2.18.jar:6.2.18]
	at org.springframework.aop.aspectj.AspectJAroundAdvice.invoke(AspectJAroundAdvice.java:71) ~[spring-aop-6.2.18.jar:6.2.18]
	at org.springframework.aop.framework.ReflectiveMethodInvocation.proceed(ReflectiveMethodInvocation.java:173) ~[spring-aop-6.2.18.jar:6.2.18]
	at org.springframework.aop.interceptor.ExposeInvocationInterceptor.invoke(ExposeInvocationInterceptor.java:97) ~[spring-aop-6.2.18.jar:6.2.18]
	at org.springframework.aop.framework.ReflectiveMethodInvocation.proceed(ReflectiveMethodInvocation.java:184) ~[spring-aop-6.2.18.jar:6.2.18]
	at org.springframework.aop.framework.CglibAopProxy$DynamicAdvisedInterceptor.intercept(CglibAopProxy.java:728) ~[spring-aop-6.2.18.jar:6.2.18]
	at com.niranjana.ecommerce.cart.service.impl.CartServiceImpl$$SpringCGLIB$$0.addToCart(<generated>) ~[classes/:na]
	at com.niranjana.ecommerce.cart.controller.CartController.addToCart(CartController.java:33) ~[classes/:na]
	at java.base/jdk.internal.reflect.DirectMethodHandleAccessor.invoke(DirectMethodHandleAccessor.java:103) ~[na:na]
	at java.base/java.lang.reflect.Method.invoke(Method.java:580) ~[na:na]
	at org.springframework.web.method.support.InvocableHandlerMethod.doInvoke(InvocableHandlerMethod.java:258) ~[spring-web-6.2.18.jar:6.2.18]
	at org.springframework.web.method.support.InvocableHandlerMethod.invokeForRequest(InvocableHandlerMethod.java:191) ~[spring-web-6.2.18.jar:6.2.18]
	at org.springframework.web.servlet.mvc.method.annotation.ServletInvocableHandlerMethod.invokeAndHandle(ServletInvocableHandlerMethod.java:118) ~[spring-webmvc-6.2.18.jar:6.2.18]
	at org.springframework.web.servlet.mvc.method.annotation.RequestMappingHandlerAdapter.invokeHandlerMethod(RequestMappingHandlerAdapter.java:991) ~[spring-webmvc-6.2.18.jar:6.2.18]
	at org.springframework.web.servlet.mvc.method.annotation.RequestMappingHandlerAdapter.handleInternal(RequestMappingHandlerAdapter.java:896) ~[spring-webmvc-6.2.18.jar:6.2.18]
	at org.springframework.web.servlet.mvc.method.AbstractHandlerMethodAdapter.handle(AbstractHandlerMethodAdapter.java:87) ~[spring-webmvc-6.2.18.jar:6.2.18]
	at org.springframework.web.servlet.DispatcherServlet.doDispatch(DispatcherServlet.java:1089) ~[spring-webmvc-6.2.18.jar:6.2.18]
	at org.springframework.web.servlet.DispatcherServlet.doService(DispatcherServlet.java:979) ~[spring-webmvc-6.2.18.jar:6.2.18]
	at org.springframework.web.servlet.FrameworkServlet.processRequest(FrameworkServlet.java:1014) ~[spring-webmvc-6.2.18.jar:6.2.18]
	at org.springframework.web.servlet.FrameworkServlet.doPost(FrameworkServlet.java:914) ~[spring-webmvc-6.2.18.jar:6.2.18]
	at jakarta.servlet.http.HttpServlet.service(HttpServlet.java:590) ~[tomcat-embed-core-10.1.54.jar:6.0]
	at org.springframework.web.servlet.FrameworkServlet.service(FrameworkServlet.java:885) ~[spring-webmvc-6.2.18.jar:6.2.18]
	at jakarta.servlet.http.HttpServlet.service(HttpServlet.java:658) ~[tomcat-embed-core-10.1.54.jar:6.0]
	at org.apache.catalina.core.ApplicationFilterChain.internalDoFilter(ApplicationFilterChain.java:193) ~[tomcat-embed-core-10.1.54.jar:10.1.54]
	at org.apache.catalina.core.ApplicationFilterChain.doFilter(ApplicationFilterChain.java:138) ~[tomcat-embed-core-10.1.54.jar:10.1.54]
	at org.apache.tomcat.websocket.server.WsFilter.doFilter(WsFilter.java:51) ~[tomcat-embed-websocket-10.1.54.jar:10.1.54]
	at org.apache.catalina.core.ApplicationFilterChain.internalDoFilter(ApplicationFilterChain.java:162) ~[tomcat-embed-core-10.1.54.jar:10.1.54]
	at org.apache.catalina.core.ApplicationFilterChain.doFilter(ApplicationFilterChain.java:138) ~[tomcat-embed-core-10.1.54.jar:10.1.54]
	at org.springframework.web.filter.RequestContextFilter.doFilterInternal(RequestContextFilter.java:100) ~[spring-web-6.2.18.jar:6.2.18]
	at org.springframework.web.filter.OncePerRequestFilter.doFilter(OncePerRequestFilter.java:116) ~[spring-web-6.2.18.jar:6.2.18]
	at org.apache.catalina.core.ApplicationFilterChain.internalDoFilter(ApplicationFilterChain.java:162) ~[tomcat-embed-core-10.1.54.jar:10.1.54]
	at org.apache.catalina.core.ApplicationFilterChain.doFilter(ApplicationFilterChain.java:138) ~[tomcat-embed-core-10.1.54.jar:10.1.54]
	at org.springframework.web.filter.FormContentFilter.doFilterInternal(FormContentFilter.java:93) ~[spring-web-6.2.18.jar:6.2.18]
	at org.springframework.web.filter.OncePerRequestFilter.doFilter(OncePerRequestFilter.java:116) ~[spring-web-6.2.18.jar:6.2.18]
	at org.apache.catalina.core.ApplicationFilterChain.internalDoFilter(ApplicationFilterChain.java:162) ~[tomcat-embed-core-10.1.54.jar:10.1.54]
	at org.apache.catalina.core.ApplicationFilterChain.doFilter(ApplicationFilterChain.java:138) ~[tomcat-embed-core-10.1.54.jar:10.1.54]
	at org.springframework.web.filter.ServerHttpObservationFilter.doFilterInternal(ServerHttpObservationFilter.java:110) ~[spring-web-6.2.18.jar:6.2.18]
	at org.springframework.web.filter.OncePerRequestFilter.doFilter(OncePerRequestFilter.java:116) ~[spring-web-6.2.18.jar:6.2.18]
	at org.apache.catalina.core.ApplicationFilterChain.internalDoFilter(ApplicationFilterChain.java:162) ~[tomcat-embed-core-10.1.54.jar:10.1.54]
	at org.apache.catalina.core.ApplicationFilterChain.doFilter(ApplicationFilterChain.java:138) ~[tomcat-embed-core-10.1.54.jar:10.1.54]
	at org.springframework.web.filter.CharacterEncodingFilter.doFilterInternal(CharacterEncodingFilter.java:201) ~[spring-web-6.2.18.jar:6.2.18]
	at org.springframework.web.filter.OncePerRequestFilter.doFilter(OncePerRequestFilter.java:116) ~[spring-web-6.2.18.jar:6.2.18]
	at org.apache.catalina.core.ApplicationFilterChain.internalDoFilter(ApplicationFilterChain.java:162) ~[tomcat-embed-core-10.1.54.jar:10.1.54]
	at org.apache.catalina.core.ApplicationFilterChain.doFilter(ApplicationFilterChain.java:138) ~[tomcat-embed-core-10.1.54.jar:10.1.54]
	at org.apache.catalina.core.StandardWrapperValve.invoke(StandardWrapperValve.java:165) ~[tomcat-embed-core-10.1.54.jar:10.1.54]
	at org.apache.catalina.core.StandardContextValve.invoke(StandardContextValve.java:88) ~[tomcat-embed-core-10.1.54.jar:10.1.54]
	at org.apache.catalina.authenticator.AuthenticatorBase.invoke(AuthenticatorBase.java:492) ~[tomcat-embed-core-10.1.54.jar:10.1.54]
	at org.apache.catalina.core.StandardHostValve.invoke(StandardHostValve.java:113) ~[tomcat-embed-core-10.1.54.jar:10.1.54]
	at org.apache.catalina.valves.ErrorReportValve.invoke(ErrorReportValve.java:83) ~[tomcat-embed-core-10.1.54.jar:10.1.54]
	at org.apache.catalina.core.StandardEngineValve.invoke(StandardEngineValve.java:72) ~[tomcat-embed-core-10.1.54.jar:10.1.54]
	at org.apache.catalina.connector.CoyoteAdapter.service(CoyoteAdapter.java:342) ~[tomcat-embed-core-10.1.54.jar:10.1.54]
	at org.apache.coyote.http11.Http11Processor.service(Http11Processor.java:399) ~[tomcat-embed-core-10.1.54.jar:10.1.54]
	at org.apache.coyote.AbstractProcessorLight.process(AbstractProcessorLight.java:63) ~[tomcat-embed-core-10.1.54.jar:10.1.54]
	at org.apache.coyote.AbstractProtocol$ConnectionHandler.process(AbstractProtocol.java:903) ~[tomcat-embed-core-10.1.54.jar:10.1.54]
	at org.apache.tomcat.util.net.NioEndpoint$SocketProcessor.doRun(NioEndpoint.java:1797) ~[tomcat-embed-core-10.1.54.jar:10.1.54]
	at org.apache.tomcat.util.net.SocketProcessorBase.run(SocketProcessorBase.java:52) ~[tomcat-embed-core-10.1.54.jar:10.1.54]
	at org.apache.tomcat.util.threads.ThreadPoolExecutor.runWorker(ThreadPoolExecutor.java:973) ~[tomcat-embed-core-10.1.54.jar:10.1.54]
	at org.apache.tomcat.util.threads.ThreadPoolExecutor$Worker.run(ThreadPoolExecutor.java:491) ~[tomcat-embed-core-10.1.54.jar:10.1.54]
	at org.apache.tomcat.util.threads.TaskThread$WrappingRunnable.run(TaskThread.java:63) ~[tomcat-embed-core-10.1.54.jar:10.1.54]
	at java.base/java.lang.Thread.run(Thread.java:1583) ~[na:na]

2026-05-02T14:39:29.787+05:30  INFO 22800 --- [cart-service] [http-nio-8105-exec-5] c.n.e.cart.controller.CartController     : Response → {"success":false,"message":"Cart service temporarily unavailable"}
2026-05-02T14:40:37.160+05:30  INFO 22800 --- [cart-service] [http-nio-8105-exec-6] c.n.e.cart.controller.CartController     : Inside CartController - addToCart method, userId=6, productId=9, qty=9
2026-05-02T14:40:37.160+05:30  INFO 22800 --- [cart-service] [http-nio-8105-exec-6] c.n.e.cart.service.impl.CartServiceImpl  : Inside CartServiceImpl - addToCart method, userId=6, productId=9, qty=9
2026-05-02T14:40:37.160+05:30  INFO 22800 --- [cart-service] [http-nio-8105-exec-6] c.n.e.cart.service.impl.CartServiceImpl  : Add to cart: userId=6, productId=9, qty=9
2026-05-02T14:40:37.187+05:30 DEBUG 22800 --- [cart-service] [http-nio-8105-exec-6] c.n.e.cart.service.impl.CartServiceImpl  : Product response: {"id":9,"name":"IPhone17 Pro Max","description":"Latest IPhone mobile model","price":68000.00,"stockQuantity":5,"category":"Electronics","imageUrl":"https://example.com/images/iPhone17 Pro Max.jpg","active":true}
2026-05-02T14:40:37.187+05:30 ERROR 22800 --- [cart-service] [http-nio-8105-exec-6] c.n.e.cart.service.impl.CartServiceImpl  : Circuit breaker fallback triggered

com.niranjana.ecommerce.cart.exception.CartException: Insufficient stock
	at com.niranjana.ecommerce.cart.service.impl.CartServiceImpl.addToCart(CartServiceImpl.java:54) ~[classes/:na]
	at java.base/jdk.internal.reflect.DirectMethodHandleAccessor.invoke(DirectMethodHandleAccessor.java:103) ~[na:na]
	at java.base/java.lang.reflect.Method.invoke(Method.java:580) ~[na:na]
	at org.springframework.aop.support.AopUtils.invokeJoinpointUsingReflection(AopUtils.java:360) ~[spring-aop-6.2.18.jar:6.2.18]
	at org.springframework.aop.framework.ReflectiveMethodInvocation.invokeJoinpoint(ReflectiveMethodInvocation.java:196) ~[spring-aop-6.2.18.jar:6.2.18]
	at org.springframework.aop.framework.ReflectiveMethodInvocation.proceed(ReflectiveMethodInvocation.java:163) ~[spring-aop-6.2.18.jar:6.2.18]
	at org.springframework.aop.aspectj.MethodInvocationProceedingJoinPoint.proceed(MethodInvocationProceedingJoinPoint.java:89) ~[spring-aop-6.2.18.jar:6.2.18]
	at io.github.resilience4j.circuitbreaker.CircuitBreaker.lambda$decorateCheckedSupplier$0(CircuitBreaker.java:71) ~[resilience4j-circuitbreaker-2.2.0.jar:2.2.0]
	at io.github.resilience4j.circuitbreaker.CircuitBreaker.executeCheckedSupplier(CircuitBreaker.java:739) ~[resilience4j-circuitbreaker-2.2.0.jar:2.2.0]
	at io.github.resilience4j.spring6.circuitbreaker.configure.CircuitBreakerAspect.defaultHandling(CircuitBreakerAspect.java:179) ~[resilience4j-spring6-2.2.0.jar:2.2.0]
	at io.github.resilience4j.spring6.circuitbreaker.configure.CircuitBreakerAspect.proceed(CircuitBreakerAspect.java:126) ~[resilience4j-spring6-2.2.0.jar:2.2.0]
	at io.github.resilience4j.spring6.circuitbreaker.configure.CircuitBreakerAspect.lambda$circuitBreakerAroundAdvice$0(CircuitBreakerAspect.java:108) ~[resilience4j-spring6-2.2.0.jar:2.2.0]
	at io.github.resilience4j.spring6.fallback.DefaultFallbackDecorator.lambda$decorate$0(DefaultFallbackDecorator.java:36) ~[resilience4j-spring6-2.2.0.jar:2.2.0]
	at io.github.resilience4j.spring6.fallback.FallbackExecutor.execute(FallbackExecutor.java:39) ~[resilience4j-spring6-2.2.0.jar:2.2.0]
	at io.github.resilience4j.spring6.circuitbreaker.configure.CircuitBreakerAspect.circuitBreakerAroundAdvice(CircuitBreakerAspect.java:109) ~[resilience4j-spring6-2.2.0.jar:2.2.0]
	at java.base/jdk.internal.reflect.DirectMethodHandleAccessor.invoke(DirectMethodHandleAccessor.java:103) ~[na:na]
	at java.base/java.lang.reflect.Method.invoke(Method.java:580) ~[na:na]
	at org.springframework.aop.aspectj.AbstractAspectJAdvice.invokeAdviceMethodWithGivenArgs(AbstractAspectJAdvice.java:649) ~[spring-aop-6.2.18.jar:6.2.18]
	at org.springframework.aop.aspectj.AbstractAspectJAdvice.invokeAdviceMethod(AbstractAspectJAdvice.java:631) ~[spring-aop-6.2.18.jar:6.2.18]
	at org.springframework.aop.aspectj.AspectJAroundAdvice.invoke(AspectJAroundAdvice.java:71) ~[spring-aop-6.2.18.jar:6.2.18]
	at org.springframework.aop.framework.ReflectiveMethodInvocation.proceed(ReflectiveMethodInvocation.java:173) ~[spring-aop-6.2.18.jar:6.2.18]
	at org.springframework.aop.interceptor.ExposeInvocationInterceptor.invoke(ExposeInvocationInterceptor.java:97) ~[spring-aop-6.2.18.jar:6.2.18]
	at org.springframework.aop.framework.ReflectiveMethodInvocation.proceed(ReflectiveMethodInvocation.java:184) ~[spring-aop-6.2.18.jar:6.2.18]
	at org.springframework.aop.framework.CglibAopProxy$DynamicAdvisedInterceptor.intercept(CglibAopProxy.java:728) ~[spring-aop-6.2.18.jar:6.2.18]
	at com.niranjana.ecommerce.cart.service.impl.CartServiceImpl$$SpringCGLIB$$0.addToCart(<generated>) ~[classes/:na]
	at com.niranjana.ecommerce.cart.controller.CartController.addToCart(CartController.java:33) ~[classes/:na]
	at java.base/jdk.internal.reflect.DirectMethodHandleAccessor.invoke(DirectMethodHandleAccessor.java:103) ~[na:na]
	at java.base/java.lang.reflect.Method.invoke(Method.java:580) ~[na:na]
	at org.springframework.web.method.support.InvocableHandlerMethod.doInvoke(InvocableHandlerMethod.java:258) ~[spring-web-6.2.18.jar:6.2.18]
	at org.springframework.web.method.support.InvocableHandlerMethod.invokeForRequest(InvocableHandlerMethod.java:191) ~[spring-web-6.2.18.jar:6.2.18]
	at org.springframework.web.servlet.mvc.method.annotation.ServletInvocableHandlerMethod.invokeAndHandle(ServletInvocableHandlerMethod.java:118) ~[spring-webmvc-6.2.18.jar:6.2.18]
	at org.springframework.web.servlet.mvc.method.annotation.RequestMappingHandlerAdapter.invokeHandlerMethod(RequestMappingHandlerAdapter.java:991) ~[spring-webmvc-6.2.18.jar:6.2.18]
	at org.springframework.web.servlet.mvc.method.annotation.RequestMappingHandlerAdapter.handleInternal(RequestMappingHandlerAdapter.java:896) ~[spring-webmvc-6.2.18.jar:6.2.18]
	at org.springframework.web.servlet.mvc.method.AbstractHandlerMethodAdapter.handle(AbstractHandlerMethodAdapter.java:87) ~[spring-webmvc-6.2.18.jar:6.2.18]
	at org.springframework.web.servlet.DispatcherServlet.doDispatch(DispatcherServlet.java:1089) ~[spring-webmvc-6.2.18.jar:6.2.18]
	at org.springframework.web.servlet.DispatcherServlet.doService(DispatcherServlet.java:979) ~[spring-webmvc-6.2.18.jar:6.2.18]
	at org.springframework.web.servlet.FrameworkServlet.processRequest(FrameworkServlet.java:1014) ~[spring-webmvc-6.2.18.jar:6.2.18]
	at org.springframework.web.servlet.FrameworkServlet.doPost(FrameworkServlet.java:914) ~[spring-webmvc-6.2.18.jar:6.2.18]
	at jakarta.servlet.http.HttpServlet.service(HttpServlet.java:590) ~[tomcat-embed-core-10.1.54.jar:6.0]
	at org.springframework.web.servlet.FrameworkServlet.service(FrameworkServlet.java:885) ~[spring-webmvc-6.2.18.jar:6.2.18]
	at jakarta.servlet.http.HttpServlet.service(HttpServlet.java:658) ~[tomcat-embed-core-10.1.54.jar:6.0]
	at org.apache.catalina.core.ApplicationFilterChain.internalDoFilter(ApplicationFilterChain.java:193) ~[tomcat-embed-core-10.1.54.jar:10.1.54]
	at org.apache.catalina.core.ApplicationFilterChain.doFilter(ApplicationFilterChain.java:138) ~[tomcat-embed-core-10.1.54.jar:10.1.54]
	at org.apache.tomcat.websocket.server.WsFilter.doFilter(WsFilter.java:51) ~[tomcat-embed-websocket-10.1.54.jar:10.1.54]
	at org.apache.catalina.core.ApplicationFilterChain.internalDoFilter(ApplicationFilterChain.java:162) ~[tomcat-embed-core-10.1.54.jar:10.1.54]
	at org.apache.catalina.core.ApplicationFilterChain.doFilter(ApplicationFilterChain.java:138) ~[tomcat-embed-core-10.1.54.jar:10.1.54]
	at org.springframework.web.filter.RequestContextFilter.doFilterInternal(RequestContextFilter.java:100) ~[spring-web-6.2.18.jar:6.2.18]
	at org.springframework.web.filter.OncePerRequestFilter.doFilter(OncePerRequestFilter.java:116) ~[spring-web-6.2.18.jar:6.2.18]
	at org.apache.catalina.core.ApplicationFilterChain.internalDoFilter(ApplicationFilterChain.java:162) ~[tomcat-embed-core-10.1.54.jar:10.1.54]
	at org.apache.catalina.core.ApplicationFilterChain.doFilter(ApplicationFilterChain.java:138) ~[tomcat-embed-core-10.1.54.jar:10.1.54]
	at org.springframework.web.filter.FormContentFilter.doFilterInternal(FormContentFilter.java:93) ~[spring-web-6.2.18.jar:6.2.18]
	at org.springframework.web.filter.OncePerRequestFilter.doFilter(OncePerRequestFilter.java:116) ~[spring-web-6.2.18.jar:6.2.18]
	at org.apache.catalina.core.ApplicationFilterChain.internalDoFilter(ApplicationFilterChain.java:162) ~[tomcat-embed-core-10.1.54.jar:10.1.54]
	at org.apache.catalina.core.ApplicationFilterChain.doFilter(ApplicationFilterChain.java:138) ~[tomcat-embed-core-10.1.54.jar:10.1.54]
	at org.springframework.web.filter.ServerHttpObservationFilter.doFilterInternal(ServerHttpObservationFilter.java:110) ~[spring-web-6.2.18.jar:6.2.18]
	at org.springframework.web.filter.OncePerRequestFilter.doFilter(OncePerRequestFilter.java:116) ~[spring-web-6.2.18.jar:6.2.18]
	at org.apache.catalina.core.ApplicationFilterChain.internalDoFilter(ApplicationFilterChain.java:162) ~[tomcat-embed-core-10.1.54.jar:10.1.54]
	at org.apache.catalina.core.ApplicationFilterChain.doFilter(ApplicationFilterChain.java:138) ~[tomcat-embed-core-10.1.54.jar:10.1.54]
	at org.springframework.web.filter.CharacterEncodingFilter.doFilterInternal(CharacterEncodingFilter.java:201) ~[spring-web-6.2.18.jar:6.2.18]
	at org.springframework.web.filter.OncePerRequestFilter.doFilter(OncePerRequestFilter.java:116) ~[spring-web-6.2.18.jar:6.2.18]
	at org.apache.catalina.core.ApplicationFilterChain.internalDoFilter(ApplicationFilterChain.java:162) ~[tomcat-embed-core-10.1.54.jar:10.1.54]
	at org.apache.catalina.core.ApplicationFilterChain.doFilter(ApplicationFilterChain.java:138) ~[tomcat-embed-core-10.1.54.jar:10.1.54]
	at org.apache.catalina.core.StandardWrapperValve.invoke(StandardWrapperValve.java:165) ~[tomcat-embed-core-10.1.54.jar:10.1.54]
	at org.apache.catalina.core.StandardContextValve.invoke(StandardContextValve.java:88) ~[tomcat-embed-core-10.1.54.jar:10.1.54]
	at org.apache.catalina.authenticator.AuthenticatorBase.invoke(AuthenticatorBase.java:492) ~[tomcat-embed-core-10.1.54.jar:10.1.54]
	at org.apache.catalina.core.StandardHostValve.invoke(StandardHostValve.java:113) ~[tomcat-embed-core-10.1.54.jar:10.1.54]
	at org.apache.catalina.valves.ErrorReportValve.invoke(ErrorReportValve.java:83) ~[tomcat-embed-core-10.1.54.jar:10.1.54]
	at org.apache.catalina.core.StandardEngineValve.invoke(StandardEngineValve.java:72) ~[tomcat-embed-core-10.1.54.jar:10.1.54]
	at org.apache.catalina.connector.CoyoteAdapter.service(CoyoteAdapter.java:342) ~[tomcat-embed-core-10.1.54.jar:10.1.54]
	at org.apache.coyote.http11.Http11Processor.service(Http11Processor.java:399) ~[tomcat-embed-core-10.1.54.jar:10.1.54]
	at org.apache.coyote.AbstractProcessorLight.process(AbstractProcessorLight.java:63) ~[tomcat-embed-core-10.1.54.jar:10.1.54]
	at org.apache.coyote.AbstractProtocol$ConnectionHandler.process(AbstractProtocol.java:903) ~[tomcat-embed-core-10.1.54.jar:10.1.54]
	at org.apache.tomcat.util.net.NioEndpoint$SocketProcessor.doRun(NioEndpoint.java:1797) ~[tomcat-embed-core-10.1.54.jar:10.1.54]
	at org.apache.tomcat.util.net.SocketProcessorBase.run(SocketProcessorBase.java:52) ~[tomcat-embed-core-10.1.54.jar:10.1.54]
	at org.apache.tomcat.util.threads.ThreadPoolExecutor.runWorker(ThreadPoolExecutor.java:973) ~[tomcat-embed-core-10.1.54.jar:10.1.54]
	at org.apache.tomcat.util.threads.ThreadPoolExecutor$Worker.run(ThreadPoolExecutor.java:491) ~[tomcat-embed-core-10.1.54.jar:10.1.54]
	at org.apache.tomcat.util.threads.TaskThread$WrappingRunnable.run(TaskThread.java:63) ~[tomcat-embed-core-10.1.54.jar:10.1.54]
	at java.base/java.lang.Thread.run(Thread.java:1583) ~[na:na]

2026-05-02T14:40:37.193+05:30  INFO 22800 --- [cart-service] [http-nio-8105-exec-6] c.n.e.cart.controller.CartController     : Response → {"success":false,"message":"Cart service temporarily unavailable"}
2026-05-02T14:42:46.533+05:30  INFO 22800 --- [cart-service] [AsyncResolver-bootstrap-executor-%d] c.n.d.s.r.aws.ConfigClusterResolver      : Resolving eureka endpoints via configuration
2026-05-02T14:42:48.438+05:30  INFO 22800 --- [cart-service] [http-nio-8105-exec-9] c.n.e.cart.controller.CartController     : Inside CartController - addToCart method, userId=6, productId=9, qty=3
2026-05-02T14:42:48.438+05:30  INFO 22800 --- [cart-service] [http-nio-8105-exec-9] c.n.e.cart.service.impl.CartServiceImpl  : Inside CartServiceImpl - addToCart method, userId=6, productId=9, qty=3
2026-05-02T14:42:48.440+05:30  INFO 22800 --- [cart-service] [http-nio-8105-exec-9] c.n.e.cart.service.impl.CartServiceImpl  : Add to cart: userId=6, productId=9, qty=3
2026-05-02T14:42:48.453+05:30 DEBUG 22800 --- [cart-service] [http-nio-8105-exec-9] c.n.e.cart.service.impl.CartServiceImpl  : Product response: {"id":9,"name":"IPhone17 Pro Max","description":"Latest IPhone mobile model","price":68000.00,"stockQuantity":5,"category":"Electronics","imageUrl":"https://example.com/images/iPhone17 Pro Max.jpg","active":true}
2026-05-02T14:42:48.487+05:30 DEBUG 22800 --- [cart-service] [http-nio-8105-exec-9] c.n.e.cart.service.impl.CartServiceImpl  : User response: {"id":6,"firstName":"Niranjana","lastName":"Charty","email":"niranjana.charty2013@example.com","phone":"9583172160","role":"CUSTOMER","address":{"street":"Khajaguda","city":"Hyderabad","state":"Telengana","country":"India","zipcode":"50032"}}
2026-05-02T14:42:48.608+05:30  INFO 22800 --- [cart-service] [http-nio-8105-exec-9] c.n.e.cart.service.impl.CartServiceImpl  : Item added to cart, userId=6, productId=9
2026-05-02T14:42:48.616+05:30  INFO 22800 --- [cart-service] [http-nio-8105-exec-9] c.n.e.cart.controller.CartController     : Response → {"success":true,"message":"Item added to cart"}
2026-05-02T14:42:58.918+05:30  INFO 22800 --- [cart-service] [http-nio-8105-exec-10] c.n.e.cart.controller.CartController     : Inside CartController - getCart method, Get cart userId=6
2026-05-02T14:42:58.918+05:30  INFO 22800 --- [cart-service] [http-nio-8105-exec-10] c.n.e.cart.service.impl.CartServiceImpl  : Inside getCartById, Fetching cart for userId=6
2026-05-02T14:44:20.596+05:30  INFO 22800 --- [cart-service] [http-nio-8105-exec-3] c.n.e.cart.controller.CartController     : Inside CartController - getAllCartItems
2026-05-02T14:44:20.599+05:30  INFO 22800 --- [cart-service] [http-nio-8105-exec-3] c.n.e.cart.service.impl.CartServiceImpl  : Inside getCartAllItem 
2026-05-02T14:44:25.741+05:30  INFO 22800 --- [cart-service] [http-nio-8105-exec-4] c.n.e.cart.controller.CartController     : Inside CartController - removeItem method, Remove item userId=6, productId=9
2026-05-02T14:44:25.741+05:30  INFO 22800 --- [cart-service] [http-nio-8105-exec-4] c.n.e.cart.service.impl.CartServiceImpl  : inside deleteItemFromCart, Deleting item: userId=6, productId=9
2026-05-02T14:44:25.753+05:30  INFO 22800 --- [cart-service] [http-nio-8105-exec-4] c.n.e.cart.service.impl.CartServiceImpl  : Item deleted successfully
2026-05-02T14:44:29.282+05:30  INFO 22800 --- [cart-service] [http-nio-8105-exec-5] c.n.e.cart.controller.CartController     : Inside CartController - getAllCartItems
2026-05-02T14:44:29.282+05:30  INFO 22800 --- [cart-service] [http-nio-8105-exec-5] c.n.e.cart.service.impl.CartServiceImpl  : Inside getCartAllItem 
2026-05-02T14:44:32.241+05:30  INFO 22800 --- [cart-service] [http-nio-8105-exec-7] c.n.e.cart.controller.CartController     : Inside CartController - getCart method, Get cart userId=6
2026-05-02T14:44:32.241+05:30  INFO 22800 --- [cart-service] [http-nio-8105-exec-7] c.n.e.cart.service.impl.CartServiceImpl  : Inside getCartById, Fetching cart for userId=6
2026-05-02T14:44:32.251+05:30  WARN 22800 --- [cart-service] [http-nio-8105-exec-7] c.n.e.cart.service.impl.CartServiceImpl  : Cart is empty for userId=6
2026-05-02T14:44:35.199+05:30  INFO 22800 --- [cart-service] [http-nio-8105-exec-6] c.n.e.cart.controller.CartController     : Inside CartController - addToCart method, userId=6, productId=9, qty=3
2026-05-02T14:44:35.206+05:30  INFO 22800 --- [cart-service] [http-nio-8105-exec-6] c.n.e.cart.service.impl.CartServiceImpl  : Inside CartServiceImpl - addToCart method, userId=6, productId=9, qty=3
2026-05-02T14:44:35.206+05:30  INFO 22800 --- [cart-service] [http-nio-8105-exec-6] c.n.e.cart.service.impl.CartServiceImpl  : Add to cart: userId=6, productId=9, qty=3
2026-05-02T14:44:35.222+05:30 DEBUG 22800 --- [cart-service] [http-nio-8105-exec-6] c.n.e.cart.service.impl.CartServiceImpl  : Product response: {"id":9,"name":"IPhone17 Pro Max","description":"Latest IPhone mobile model","price":68000.00,"stockQuantity":5,"category":"Electronics","imageUrl":"https://example.com/images/iPhone17 Pro Max.jpg","active":true}
2026-05-02T14:44:35.241+05:30 DEBUG 22800 --- [cart-service] [http-nio-8105-exec-6] c.n.e.cart.service.impl.CartServiceImpl  : User response: {"id":6,"firstName":"Niranjana","lastName":"Charty","email":"niranjana.charty2013@example.com","phone":"9583172160","role":"CUSTOMER","address":{"street":"Khajaguda","city":"Hyderabad","state":"Telengana","country":"India","zipcode":"50032"}}
2026-05-02T14:44:35.259+05:30  INFO 22800 --- [cart-service] [http-nio-8105-exec-6] c.n.e.cart.service.impl.CartServiceImpl  : Item added to cart, userId=6, productId=9
2026-05-02T14:44:35.259+05:30  INFO 22800 --- [cart-service] [http-nio-8105-exec-6] c.n.e.cart.controller.CartController     : Response → {"success":true,"message":"Item added to cart"}
2026-05-02T14:44:38.552+05:30  INFO 22800 --- [cart-service] [http-nio-8105-exec-8] c.n.e.cart.controller.CartController     : Inside CartController - getAllCartItems
2026-05-02T14:44:38.552+05:30  INFO 22800 --- [cart-service] [http-nio-8105-exec-8] c.n.e.cart.service.impl.CartServiceImpl  : Inside getCartAllItem 
2026-05-02T14:44:41.113+05:30  INFO 22800 --- [cart-service] [http-nio-8105-exec-9] c.n.e.cart.controller.CartController     : Inside CartController - getCart method, Get cart userId=6
2026-05-02T14:44:41.114+05:30  INFO 22800 --- [cart-service] [http-nio-8105-exec-9] c.n.e.cart.service.impl.CartServiceImpl  : Inside getCartById, Fetching cart for userId=6
2026-05-02T14:47:46.538+05:30  INFO 22800 --- [cart-service] [AsyncResolver-bootstrap-executor-%d] c.n.d.s.r.aws.ConfigClusterResolver      : Resolving eureka endpoints via configuration
2026-05-02T14:51:02.678+05:30  INFO 22800 --- [cart-service] [http-nio-8105-exec-1] c.n.e.cart.controller.CartController     : Inside CartController - getCart method, Get cart userId=6
2026-05-02T14:51:02.681+05:30  INFO 22800 --- [cart-service] [http-nio-8105-exec-1] c.n.e.cart.service.impl.CartServiceImpl  : Inside getCartById, Fetching cart for userId=6
2026-05-02T14:52:46.548+05:30  INFO 22800 --- [cart-service] [AsyncResolver-bootstrap-executor-%d] c.n.d.s.r.aws.ConfigClusterResolver      : Resolving eureka endpoints via configuration
2026-05-02T14:57:46.553+05:30  INFO 22800 --- [cart-service] [AsyncResolver-bootstrap-executor-%d] c.n.d.s.r.aws.ConfigClusterResolver      : Resolving eureka endpoints via configuration
2026-05-02T15:02:46.570+05:30  INFO 22800 --- [cart-service] [AsyncResolver-bootstrap-executor-%d] c.n.d.s.r.aws.ConfigClusterResolver      : Resolving eureka endpoints via configuration
2026-05-02T15:03:10.783+05:30  INFO 2632 --- [cart-service] [main] c.n.e.cart.CartServiceApplication        : Starting CartServiceApplication using Java 21.0.10 with PID 2632 (C:\EmbarkX\ecommerce-microservices\cart-service\target\classes started by niran in C:\EmbarkX\ecommerce-microservices\cart-service)
2026-05-02T15:03:10.785+05:30 DEBUG 2632 --- [cart-service] [main] c.n.e.cart.CartServiceApplication        : Running with Spring Boot v3.5.14, Spring v6.2.18
2026-05-02T15:03:10.788+05:30  INFO 2632 --- [cart-service] [main] c.n.e.cart.CartServiceApplication        : No active profile set, falling back to 1 default profile: "default"
2026-05-02T15:03:12.178+05:30  INFO 2632 --- [cart-service] [main] .s.d.r.c.RepositoryConfigurationDelegate : Bootstrapping Spring Data JPA repositories in DEFAULT mode.
2026-05-02T15:03:12.314+05:30  INFO 2632 --- [cart-service] [main] .s.d.r.c.RepositoryConfigurationDelegate : Finished Spring Data repository scanning in 124 ms. Found 1 JPA repository interface.
2026-05-02T15:03:12.764+05:30  INFO 2632 --- [cart-service] [main] o.s.cloud.context.scope.GenericScope     : BeanFactory id=ca133956-c1ba-323f-a696-cd4ea5c4893d
2026-05-02T15:03:13.655+05:30  INFO 2632 --- [cart-service] [main] o.s.b.w.embedded.tomcat.TomcatWebServer  : Tomcat initialized with port 8105 (http)
2026-05-02T15:03:13.669+05:30  INFO 2632 --- [cart-service] [main] o.apache.catalina.core.StandardService   : Starting service [Tomcat]
2026-05-02T15:03:13.670+05:30  INFO 2632 --- [cart-service] [main] o.apache.catalina.core.StandardEngine    : Starting Servlet engine: [Apache Tomcat/10.1.54]
2026-05-02T15:03:13.738+05:30  INFO 2632 --- [cart-service] [main] o.a.c.c.C.[Tomcat].[localhost].[/]       : Initializing Spring embedded WebApplicationContext
2026-05-02T15:03:13.738+05:30  INFO 2632 --- [cart-service] [main] w.s.c.ServletWebServerApplicationContext : Root WebApplicationContext: initialization completed in 2859 ms
2026-05-02T15:03:14.264+05:30  INFO 2632 --- [cart-service] [main] o.hibernate.jpa.internal.util.LogHelper  : HHH000204: Processing PersistenceUnitInfo [name: default]
2026-05-02T15:03:14.339+05:30  INFO 2632 --- [cart-service] [main] org.hibernate.Version                    : HHH000412: Hibernate ORM core version 6.6.49.Final
2026-05-02T15:03:14.391+05:30  INFO 2632 --- [cart-service] [main] o.h.c.internal.RegionFactoryInitiator    : HHH000026: Second-level cache disabled
2026-05-02T15:03:14.744+05:30  INFO 2632 --- [cart-service] [main] o.s.o.j.p.SpringPersistenceUnitInfo      : No LoadTimeWeaver setup: ignoring JPA class transformer
2026-05-02T15:03:14.799+05:30  INFO 2632 --- [cart-service] [main] com.zaxxer.hikari.HikariDataSource       : HikariPool-1 - Starting...
2026-05-02T15:03:14.979+05:30  INFO 2632 --- [cart-service] [main] com.zaxxer.hikari.pool.HikariPool        : HikariPool-1 - Added connection org.postgresql.jdbc.PgConnection@270be080
2026-05-02T15:03:14.981+05:30  INFO 2632 --- [cart-service] [main] com.zaxxer.hikari.HikariDataSource       : HikariPool-1 - Start completed.
2026-05-02T15:03:15.009+05:30  WARN 2632 --- [cart-service] [main] org.hibernate.orm.deprecation            : HHH90000025: PostgreSQLDialect does not need to be specified explicitly using 'hibernate.dialect' (remove the property setting and it will be selected by default)
2026-05-02T15:03:15.028+05:30  INFO 2632 --- [cart-service] [main] org.hibernate.orm.connections.pooling    : HHH10001005: Database info:
	Database JDBC URL [Connecting through datasource 'HikariDataSource (HikariPool-1)']
	Database driver: undefined/unknown
	Database version: 18.1
	Autocommit mode: undefined/unknown
	Isolation level: undefined/unknown
	Minimum pool size: undefined/unknown
	Maximum pool size: undefined/unknown
2026-05-02T15:03:15.794+05:30  INFO 2632 --- [cart-service] [main] o.h.e.t.j.p.i.JtaPlatformInitiator       : HHH000489: No JTA platform available (set 'hibernate.transaction.jta.platform' to enable JTA platform integration)
2026-05-02T15:03:15.839+05:30  INFO 2632 --- [cart-service] [main] j.LocalContainerEntityManagerFactoryBean : Initialized JPA EntityManagerFactory for persistence unit 'default'
2026-05-02T15:03:16.393+05:30  WARN 2632 --- [cart-service] [main] JpaBaseConfiguration$JpaWebConfiguration : spring.jpa.open-in-view is enabled by default. Therefore, database queries may be performed during view rendering. Explicitly configure spring.jpa.open-in-view to disable this warning
2026-05-02T15:03:16.525+05:30  INFO 2632 --- [cart-service] [main] o.s.c.openfeign.FeignClientFactoryBean   : For 'product-service' URL not provided. Will try picking an instance via load-balancing.
2026-05-02T15:03:16.603+05:30  INFO 2632 --- [cart-service] [main] o.s.c.openfeign.FeignClientFactoryBean   : For 'user-service' URL not provided. Will try picking an instance via load-balancing.
2026-05-02T15:03:18.116+05:30  INFO 2632 --- [cart-service] [main] DiscoveryClientOptionalArgsConfiguration : Eureka HTTP Client uses RestTemplate.
2026-05-02T15:03:18.169+05:30  WARN 2632 --- [cart-service] [main] iguration$LoadBalancerCaffeineWarnLogger : Spring Cloud LoadBalancer is currently working with the default cache. While this cache implementation is useful for development and tests, it's recommended to use Caffeine cache in production.You can switch to using Caffeine cache, by adding it and org.springframework.cache.caffeine.CaffeineCacheManager to the classpath.
2026-05-02T15:03:18.197+05:30  INFO 2632 --- [cart-service] [main] o.s.b.a.e.web.EndpointLinksResolver      : Exposing 27 endpoints beneath base path '/actuator'
2026-05-02T15:03:18.287+05:30  INFO 2632 --- [cart-service] [main] o.s.c.n.eureka.InstanceInfoFactory       : Setting initial instance status as: STARTING
2026-05-02T15:03:18.308+05:30  INFO 2632 --- [cart-service] [main] com.netflix.discovery.DiscoveryClient    : Initializing Eureka in region us-east-1
2026-05-02T15:03:18.310+05:30  INFO 2632 --- [cart-service] [main] c.n.d.s.r.aws.ConfigClusterResolver      : Resolving eureka endpoints via configuration
2026-05-02T15:03:18.318+05:30  INFO 2632 --- [cart-service] [main] com.netflix.discovery.DiscoveryClient    : Disable delta property : false
2026-05-02T15:03:18.318+05:30  INFO 2632 --- [cart-service] [main] com.netflix.discovery.DiscoveryClient    : Single vip registry refresh property : null
2026-05-02T15:03:18.318+05:30  INFO 2632 --- [cart-service] [main] com.netflix.discovery.DiscoveryClient    : Force full registry fetch : false
2026-05-02T15:03:18.318+05:30  INFO 2632 --- [cart-service] [main] com.netflix.discovery.DiscoveryClient    : Application is null : false
2026-05-02T15:03:18.318+05:30  INFO 2632 --- [cart-service] [main] com.netflix.discovery.DiscoveryClient    : Registered Applications size is zero : true
2026-05-02T15:03:18.318+05:30  INFO 2632 --- [cart-service] [main] com.netflix.discovery.DiscoveryClient    : Application version is -1: true
2026-05-02T15:03:18.318+05:30  INFO 2632 --- [cart-service] [main] com.netflix.discovery.DiscoveryClient    : Getting all instance registry info from the eureka server
2026-05-02T15:03:18.680+05:30  INFO 2632 --- [cart-service] [main] com.netflix.discovery.DiscoveryClient    : The response status is 200
2026-05-02T15:03:18.682+05:30  INFO 2632 --- [cart-service] [main] com.netflix.discovery.DiscoveryClient    : Starting heartbeat executor: renew interval is: 30
2026-05-02T15:03:18.693+05:30  INFO 2632 --- [cart-service] [main] c.n.discovery.InstanceInfoReplicator     : InstanceInfoReplicator onDemand update allowed rate per min is 4
2026-05-02T15:03:18.697+05:30  INFO 2632 --- [cart-service] [main] com.netflix.discovery.DiscoveryClient    : Discovery Client initialized at timestamp 1777714398696 with initial instances count: 4
2026-05-02T15:03:18.715+05:30  INFO 2632 --- [cart-service] [main] o.s.c.n.e.s.EurekaServiceRegistry        : Registering application CART-SERVICE with eureka with status UP
2026-05-02T15:03:18.717+05:30  INFO 2632 --- [cart-service] [main] com.netflix.discovery.DiscoveryClient    : Saw local status change event StatusChangeEvent [timestamp=1777714398717, current=UP, previous=STARTING]
2026-05-02T15:03:18.719+05:30  INFO 2632 --- [cart-service] [DiscoveryClient-InstanceInfoReplicator-%d] com.netflix.discovery.DiscoveryClient    : DiscoveryClient_CART-SERVICE/NIRANJAN-LAP.mshome.net:cart-service:8105: registering service...
2026-05-02T15:03:18.737+05:30  INFO 2632 --- [cart-service] [main] o.s.b.w.embedded.tomcat.TomcatWebServer  : Tomcat started on port 8105 (http) with context path '/'
2026-05-02T15:03:18.738+05:30  INFO 2632 --- [cart-service] [main] .s.c.n.e.s.EurekaAutoServiceRegistration : Updating port to 8105
2026-05-02T15:03:18.759+05:30  INFO 2632 --- [cart-service] [main] c.n.e.cart.CartServiceApplication        : Started CartServiceApplication in 8.61 seconds (process running for 9.157)
2026-05-02T15:03:18.779+05:30  INFO 2632 --- [cart-service] [DiscoveryClient-InstanceInfoReplicator-%d] com.netflix.discovery.DiscoveryClient    : DiscoveryClient_CART-SERVICE/NIRANJAN-LAP.mshome.net:cart-service:8105 - registration status: 204
2026-05-02T15:04:05.260+05:30  INFO 2632 --- [cart-service] [http-nio-8105-exec-1] o.a.c.c.C.[Tomcat].[localhost].[/]       : Initializing Spring DispatcherServlet 'dispatcherServlet'
2026-05-02T15:04:05.260+05:30  INFO 2632 --- [cart-service] [http-nio-8105-exec-1] o.s.web.servlet.DispatcherServlet        : Initializing Servlet 'dispatcherServlet'
2026-05-02T15:04:05.264+05:30  INFO 2632 --- [cart-service] [http-nio-8105-exec-1] o.s.web.servlet.DispatcherServlet        : Completed initialization in 4 ms
2026-05-02T15:04:05.353+05:30  INFO 2632 --- [cart-service] [http-nio-8105-exec-1] c.n.e.cart.controller.CartController     : Inside CartController - getCart method, Get cart userId=6
2026-05-02T15:04:05.353+05:30  INFO 2632 --- [cart-service] [http-nio-8105-exec-1] c.n.e.cart.service.impl.CartServiceImpl  : Inside getCartById, Fetching cart for userId=6
2026-05-02T15:08:18.328+05:30  INFO 2632 --- [cart-service] [AsyncResolver-bootstrap-executor-%d] c.n.d.s.r.aws.ConfigClusterResolver      : Resolving eureka endpoints via configuration
2026-05-02T15:10:26.637+05:30  INFO 2632 --- [cart-service] [http-nio-8105-exec-6] c.n.e.cart.controller.CartController     : Inside CartController - getCart method, Get cart userId=6
2026-05-02T15:10:26.637+05:30  INFO 2632 --- [cart-service] [http-nio-8105-exec-6] c.n.e.cart.service.impl.CartServiceImpl  : Inside getCartById, Fetching cart for userId=6
2026-05-02T15:13:18.330+05:30  INFO 2632 --- [cart-service] [AsyncResolver-bootstrap-executor-%d] c.n.d.s.r.aws.ConfigClusterResolver      : Resolving eureka endpoints via configuration
2026-05-02T15:18:18.334+05:30  INFO 2632 --- [cart-service] [AsyncResolver-bootstrap-executor-%d] c.n.d.s.r.aws.ConfigClusterResolver      : Resolving eureka endpoints via configuration
2026-05-02T15:23:18.338+05:30  INFO 2632 --- [cart-service] [AsyncResolver-bootstrap-executor-%d] c.n.d.s.r.aws.ConfigClusterResolver      : Resolving eureka endpoints via configuration
2026-05-02T15:28:18.344+05:30  INFO 2632 --- [cart-service] [AsyncResolver-bootstrap-executor-%d] c.n.d.s.r.aws.ConfigClusterResolver      : Resolving eureka endpoints via configuration
2026-05-02T15:33:18.350+05:30  INFO 2632 --- [cart-service] [AsyncResolver-bootstrap-executor-%d] c.n.d.s.r.aws.ConfigClusterResolver      : Resolving eureka endpoints via configuration
2026-05-02T15:38:18.367+05:30  INFO 2632 --- [cart-service] [AsyncResolver-bootstrap-executor-%d] c.n.d.s.r.aws.ConfigClusterResolver      : Resolving eureka endpoints via configuration
2026-05-02T15:43:18.378+05:30  INFO 2632 --- [cart-service] [AsyncResolver-bootstrap-executor-%d] c.n.d.s.r.aws.ConfigClusterResolver      : Resolving eureka endpoints via configuration
2026-05-02T15:48:18.389+05:30  INFO 2632 --- [cart-service] [AsyncResolver-bootstrap-executor-%d] c.n.d.s.r.aws.ConfigClusterResolver      : Resolving eureka endpoints via configuration
2026-05-02T15:53:18.399+05:30  INFO 2632 --- [cart-service] [AsyncResolver-bootstrap-executor-%d] c.n.d.s.r.aws.ConfigClusterResolver      : Resolving eureka endpoints via configuration
2026-05-02T15:58:18.410+05:30  INFO 2632 --- [cart-service] [AsyncResolver-bootstrap-executor-%d] c.n.d.s.r.aws.ConfigClusterResolver      : Resolving eureka endpoints via configuration
2026-05-02T16:03:18.414+05:30  INFO 2632 --- [cart-service] [AsyncResolver-bootstrap-executor-%d] c.n.d.s.r.aws.ConfigClusterResolver      : Resolving eureka endpoints via configuration
2026-05-02T16:08:18.417+05:30  INFO 2632 --- [cart-service] [AsyncResolver-bootstrap-executor-%d] c.n.d.s.r.aws.ConfigClusterResolver      : Resolving eureka endpoints via configuration
2026-05-02T16:13:18.420+05:30  INFO 2632 --- [cart-service] [AsyncResolver-bootstrap-executor-%d] c.n.d.s.r.aws.ConfigClusterResolver      : Resolving eureka endpoints via configuration
2026-05-02T16:18:18.423+05:30  INFO 2632 --- [cart-service] [AsyncResolver-bootstrap-executor-%d] c.n.d.s.r.aws.ConfigClusterResolver      : Resolving eureka endpoints via configuration
2026-05-02T16:23:18.439+05:30  INFO 2632 --- [cart-service] [AsyncResolver-bootstrap-executor-%d] c.n.d.s.r.aws.ConfigClusterResolver      : Resolving eureka endpoints via configuration
2026-05-02T16:27:31.532+05:30  INFO 2632 --- [cart-service] [http-nio-8105-exec-4] c.n.e.cart.controller.CartController     : Inside CartController - getCart method, Get cart userId=6
2026-05-02T16:27:31.534+05:30  INFO 2632 --- [cart-service] [http-nio-8105-exec-4] c.n.e.cart.service.impl.CartServiceImpl  : Inside getCartById, Fetching cart for userId=6
2026-05-02T16:28:18.446+05:30  INFO 2632 --- [cart-service] [AsyncResolver-bootstrap-executor-%d] c.n.d.s.r.aws.ConfigClusterResolver      : Resolving eureka endpoints via configuration
2026-05-02T16:33:18.458+05:30  INFO 2632 --- [cart-service] [AsyncResolver-bootstrap-executor-%d] c.n.d.s.r.aws.ConfigClusterResolver      : Resolving eureka endpoints via configuration
2026-05-02T16:38:18.471+05:30  INFO 2632 --- [cart-service] [AsyncResolver-bootstrap-executor-%d] c.n.d.s.r.aws.ConfigClusterResolver      : Resolving eureka endpoints via configuration
2026-05-02T16:43:18.487+05:30  INFO 2632 --- [cart-service] [AsyncResolver-bootstrap-executor-%d] c.n.d.s.r.aws.ConfigClusterResolver      : Resolving eureka endpoints via configuration
